==================================================
STM32 Project Build Script
==================================================
Project: PFLIGHT_26
Debug Dir: /d/GitLocal/STM32CubeIDE/PFLIGHT_26/Debug
Toolchain: GNU Tools for STM32 v13.3
==================================================

[BUILD] Compiling...
[CLEAN] Removing old build artifacts...
rm -rf ./Drivers/STM32F7xx_HAL_Driver/Src/stm32f7xx_hal.cyclo ./Drivers/STM32F7xx_HAL_Driver/Src/stm32f7xx_hal.d ./Drivers/STM32F7xx_HAL_Driver/Src/stm32f7xx_hal.o ./Drivers/STM32F7xx_HAL_Driver/Src/stm32f7xx_hal.su ./Drivers/STM32F7xx_HAL_Driver/Src/stm32f7xx_hal_cortex.cyclo ./Drivers/STM32F7xx_HAL_Driver/Src/stm32f7xx_hal_cortex.d ./Drivers/STM32F7xx_HAL_Driver/Src/stm32f7xx_hal_cortex.o ./Drivers/STM32F7xx_HAL_Driver/Src/stm32f7xx_hal_cortex.su ./Drivers/STM32F7xx_HAL_Driver/Src/stm32f7xx_hal_dma.cyclo ./Drivers/STM32F7xx_HAL_Driver/Src/stm32f7xx_hal_dma.d ./Drivers/STM32F7xx_HAL_Driver/Src/stm32f7xx_hal_dma.o ./Drivers/STM32F7xx_HAL_Driver/Src/stm32f7xx_hal_dma.su ./Drivers/STM32F7xx_HAL_Driver/Src/stm32f7xx_hal_dma_ex.cyclo ./Drivers/STM32F7xx_HAL_Driver/Src/stm32f7xx_hal_dma_ex.d ./Drivers/STM32F7xx_HAL_Driver/Src/stm32f7xx_hal_dma_ex.o ./Drivers/STM32F7xx_HAL_Driver/Src/stm32f7xx_hal_dma_ex.su ./Drivers/STM32F7xx_HAL_Driver/Src/stm32f7xx_hal_exti.cyclo ./Drivers/STM32F7xx_HAL_Driver/Src/stm32f7xx_hal_exti.d ./Drivers/STM32F7xx_HAL_Driver/Src/stm32f7xx_hal_exti.o ./Drivers/STM32F7xx_HAL_Driver/Src/stm32f7xx_hal_exti.su ./Drivers/STM32F7xx_HAL_Driver/Src/stm32f7xx_hal_flash.cyclo ./Drivers/STM32F7xx_HAL_Driver/Src/stm32f7xx_hal_flash.d ./Drivers/STM32F7xx_HAL_Driver/Src/stm32f7xx_hal_flash.o ./Drivers/STM32F7xx_HAL_Driver/Src/stm32f7xx_hal_flash.su ./Drivers/STM32F7xx_HAL_Driver/Src/stm32f7xx_hal_flash_ex.cyclo ./Drivers/STM32F7xx_HAL_Driver/Src/stm32f7xx_hal_flash_ex.d ./Drivers/STM32F7xx_HAL_Driver/Src/stm32f7xx_hal_flash_ex.o ./Drivers/STM32F7xx_HAL_Driver/Src/stm32f7xx_hal_flash_ex.su ./Drivers/STM32F7xx_HAL_Driver/Src/stm32f7xx_hal_gpio.cyclo ./Drivers/STM32F7xx_HAL_Driver/Src/stm32f7xx_hal_gpio.d ./Drivers/STM32F7xx_HAL_Driver/Src/stm32f7xx_hal_gpio.o ./Drivers/STM32F7xx_HAL_Driver/Src/stm32f7xx_hal_gpio.su ./Drivers/STM32F7xx_HAL_Driver/Src/stm32f7xx_hal_i2c.cyclo ./Drivers/STM32F7xx_HAL_Driver/Src/stm32f7xx_hal_i2c.d ./Drivers/STM32F7xx_HAL_Driver/Src/stm32f7xx_hal_i2c.o ./Drivers/STM32F7xx_HAL_Driver/Src/stm32f7xx_hal_i2c.su ./Drivers/STM32F7xx_HAL_Driver/Src/stm32f7xx_hal_i2c_ex.cyclo ./Drivers/STM32F7xx_HAL_Driver/Src/stm32f7xx_hal_i2c_ex.d ./Drivers/STM32F7xx_HAL_Driver/Src/stm32f7xx_hal_i2c_ex.o ./Drivers/STM32F7xx_HAL_Driver/Src/stm32f7xx_hal_i2c_ex.su ./Drivers/STM32F7xx_HAL_Driver/Src/stm32f7xx_hal_pwr.cyclo ./Drivers/STM32F7xx_HAL_Driver/Src/stm32f7xx_hal_pwr.d ./Drivers/STM32F7xx_HAL_Driver/Src/stm32f7xx_hal_pwr.o ./Drivers/STM32F7xx_HAL_Driver/Src/stm32f7xx_hal_pwr.su ./Drivers/STM32F7xx_HAL_Driver/Src/stm32f7xx_hal_pwr_ex.cyclo ./Drivers/STM32F7xx_HAL_Driver/Src/stm32f7xx_hal_pwr_ex.d ./Drivers/STM32F7xx_HAL_Driver/Src/stm32f7xx_hal_pwr_ex.o ./Drivers/STM32F7xx_HAL_Driver/Src/stm32f7xx_hal_pwr_ex.su ./Drivers/STM32F7xx_HAL_Driver/Src/stm32f7xx_hal_rcc.cyclo ./Drivers/STM32F7xx_HAL_Driver/Src/stm32f7xx_hal_rcc.d ./Drivers/STM32F7xx_HAL_Driver/Src/stm32f7xx_hal_rcc.o ./Drivers/STM32F7xx_HAL_Driver/Src/stm32f7xx_hal_rcc.su ./Drivers/STM32F7xx_HAL_Driver/Src/stm32f7xx_hal_rcc_ex.cyclo ./Drivers/STM32F7xx_HAL_Driver/Src/stm32f7xx_hal_rcc_ex.d ./Drivers/STM32F7xx_HAL_Driver/Src/stm32f7xx_hal_rcc_ex.o ./Drivers/STM32F7xx_HAL_Driver/Src/stm32f7xx_hal_rcc_ex.su ./Drivers/STM32F7xx_HAL_Driver/Src/stm32f7xx_hal_tim.cyclo ./Drivers/STM32F7xx_HAL_Driver/Src/stm32f7xx_hal_tim.d ./Drivers/STM32F7xx_HAL_Driver/Src/stm32f7xx_hal_tim.o ./Drivers/STM32F7xx_HAL_Driver/Src/stm32f7xx_hal_tim.su ./Drivers/STM32F7xx_HAL_Driver/Src/stm32f7xx_hal_tim_ex.cyclo ./Drivers/STM32F7xx_HAL_Driver/Src/stm32f7xx_hal_tim_ex.d ./Drivers/STM32F7xx_HAL_Driver/Src/stm32f7xx_hal_tim_ex.o ./Drivers/STM32F7xx_HAL_Driver/Src/stm32f7xx_hal_tim_ex.su ./Drivers/STM32F7xx_HAL_Driver/Src/stm32f7xx_hal_uart.cyclo ./Drivers/STM32F7xx_HAL_Driver/Src/stm32f7xx_hal_uart.d ./Drivers/STM32F7xx_HAL_Driver/Src/stm32f7xx_hal_uart.o ./Drivers/STM32F7xx_HAL_Driver/Src/stm32f7xx_hal_uart.su ./Drivers/STM32F7xx_HAL_Driver/Src/stm32f7xx_hal_uart_ex.cyclo ./Drivers/STM32F7xx_HAL_Driver/Src/stm32f7xx_hal_uart_ex.d ./Drivers/STM32F7xx_HAL_Driver/Src/stm32f7xx_hal_uart_ex.o ./Drivers/STM32F7xx_HAL_Driver/Src/stm32f7xx_hal_uart_ex.su
rm -rf ./Core/Utility/Sensors/SensorManager.cyclo ./Core/Utility/Sensors/SensorManager.d ./Core/Utility/Sensors/SensorManager.o ./Core/Utility/Sensors/SensorManager.su
rm -rf ./Core/Utility/Motor_Servo/Pwm.cyclo ./Core/Utility/Motor_Servo/Pwm.d ./Core/Utility/Motor_Servo/Pwm.o ./Core/Utility/Motor_Servo/Pwm.su
rm -rf ./Core/Utility/ManeuverSequencer/Missions/mission_level_flight.cyclo ./Core/Utility/ManeuverSequencer/Missions/mission_level_flight.d ./Core/Utility/ManeuverSequencer/Missions/mission_level_flight.o ./Core/Utility/ManeuverSequencer/Missions/mission_level_flight.su ./Core/Utility/ManeuverSequencer/Missions/mission_test.cyclo ./Core/Utility/ManeuverSequencer/Missions/mission_test.d ./Core/Utility/ManeuverSequencer/Missions/mission_test.o ./Core/Utility/ManeuverSequencer/Missions/mission_test.su
rm -rf ./Core/Utility/ManeuverSequencer/maneuver_sequencer.cyclo ./Core/Utility/ManeuverSequencer/maneuver_sequencer.d ./Core/Utility/ManeuverSequencer/maneuver_sequencer.o ./Core/Utility/ManeuverSequencer/maneuver_sequencer.su
rm -rf ./Core/StateManager/States/PreFlightStateBase/calibration_state.cyclo ./Core/StateManager/States/PreFlightStateBase/calibration_state.d ./Core/StateManager/States/PreFlightStateBase/calibration_state.o ./Core/StateManager/States/PreFlightStateBase/calibration_state.su ./Core/StateManager/States/PreFlightStateBase/pre_flight_state.cyclo ./Core/StateManager/States/PreFlightStateBase/pre_flight_state.d ./Core/StateManager/States/PreFlightStateBase/pre_flight_state.o ./Core/StateManager/States/PreFlightStateBase/pre_flight_state.su ./Core/StateManager/States/PreFlightStateBase/sensor_test_state.cyclo ./Core/StateManager/States/PreFlightStateBase/sensor_test_state.d ./Core/StateManager/States/PreFlightStateBase/sensor_test_state.o ./Core/StateManager/States/PreFlightStateBase/sensor_test_state.su ./Core/StateManager/States/PreFlightStateBase/servo_motor_test_state.cyclo ./Core/StateManager/States/PreFlightStateBase/servo_motor_test_state.d ./Core/StateManager/States/PreFlightStateBase/servo_motor_test_state.o ./Core/StateManager/States/PreFlightStateBase/servo_motor_test_state.su
rm -rf ./Core/StateManager/States/PostFlightStateBase/emergency_state.cyclo ./Core/StateManager/States/PostFlightStateBase/emergency_state.d ./Core/StateManager/States/PostFlightStateBase/emergency_state.o ./Core/StateManager/States/PostFlightStateBase/emergency_state.su ./Core/StateManager/States/PostFlightStateBase/post_flight_state.cyclo ./Core/StateManager/States/PostFlightStateBase/post_flight_state.d ./Core/StateManager/States/PostFlightStateBase/post_flight_state.o ./Core/StateManager/States/PostFlightStateBase/post_flight_state.su
rm -rf ./Core/StateManager/States/ManualFlightStateBase/climbing_turn_state.cyclo ./Core/StateManager/States/ManualFlightStateBase/climbing_turn_state.d ./Core/StateManager/States/ManualFlightStateBase/climbing_turn_state.o ./Core/StateManager/States/ManualFlightStateBase/climbing_turn_state.su ./Core/StateManager/States/ManualFlightStateBase/fugue_eight_state.cyclo ./Core/StateManager/States/ManualFlightStateBase/fugue_eight_state.d ./Core/StateManager/States/ManualFlightStateBase/fugue_eight_state.o ./Core/StateManager/States/ManualFlightStateBase/fugue_eight_state.su ./Core/StateManager/States/ManualFlightStateBase/level_flight_state.cyclo ./Core/StateManager/States/ManualFlightStateBase/level_flight_state.d ./Core/StateManager/States/ManualFlightStateBase/level_flight_state.o ./Core/StateManager/States/ManualFlightStateBase/level_flight_state.su ./Core/StateManager/States/ManualFlightStateBase/level_turn_state.cyclo ./Core/StateManager/States/ManualFlightStateBase/level_turn_state.d ./Core/StateManager/States/ManualFlightStateBase/level_turn_state.o ./Core/StateManager/States/ManualFlightStateBase/level_turn_state.su ./Core/StateManager/States/ManualFlightStateBase/manual_flight_state.cyclo ./Core/StateManager/States/ManualFlightStateBase/manual_flight_state.d ./Core/StateManager/States/ManualFlightStateBase/manual_flight_state.o ./Core/StateManager/States/ManualFlightStateBase/manual_flight_state.su
rm -rf ./Core/StateManager/States/InitStateBase/init_state.cyclo ./Core/StateManager/States/InitStateBase/init_state.d ./Core/StateManager/States/InitStateBase/init_state.o ./Core/StateManager/States/InitStateBase/init_state.su
rm -rf ./Core/StateManager/States/AutoFlightStateBase/auto_flight_state.cyclo ./Core/StateManager/States/AutoFlightStateBase/auto_flight_state.d ./Core/StateManager/States/AutoFlightStateBase/auto_flight_state.o ./Core/StateManager/States/AutoFlightStateBase/auto_flight_state.su ./Core/StateManager/States/AutoFlightStateBase/auto_landing_state.cyclo ./Core/StateManager/States/AutoFlightStateBase/auto_landing_state.d ./Core/StateManager/States/AutoFlightStateBase/auto_landing_state.o ./Core/StateManager/States/AutoFlightStateBase/auto_landing_state.su ./Core/StateManager/States/AutoFlightStateBase/auto_takeoff_state.cyclo ./Core/StateManager/States/AutoFlightStateBase/auto_takeoff_state.d ./Core/StateManager/States/AutoFlightStateBase/auto_takeoff_state.o ./Core/StateManager/States/AutoFlightStateBase/auto_takeoff_state.su ./Core/StateManager/States/AutoFlightStateBase/pre_auto_flight_state.cyclo ./Core/StateManager/States/AutoFlightStateBase/pre_auto_flight_state.d ./Core/StateManager/States/AutoFlightStateBase/pre_auto_flight_state.o ./Core/StateManager/States/AutoFlightStateBase/pre_auto_flight_state.su
rm -rf ./Core/StateManager/StateManager/state_manager.cyclo ./Core/StateManager/StateManager/state_manager.d ./Core/StateManager/StateManager/state_manager.o ./Core/StateManager/StateManager/state_manager.su
rm -rf ./Core/StateManager/StateBase/auto_flight_state_base.cyclo ./Core/StateManager/StateBase/auto_flight_state_base.d ./Core/StateManager/StateBase/auto_flight_state_base.o ./Core/StateManager/StateBase/auto_flight_state_base.su ./Core/StateManager/StateBase/init_state_base.cyclo ./Core/StateManager/StateBase/init_state_base.d ./Core/StateManager/StateBase/init_state_base.o ./Core/StateManager/StateBase/init_state_base.su ./Core/StateManager/StateBase/manual_flight_state_base.cyclo ./Core/StateManager/StateBase/manual_flight_state_base.d ./Core/StateManager/StateBase/manual_flight_state_base.o ./Core/StateManager/StateBase/manual_flight_state_base.su ./Core/StateManager/StateBase/post_flight_state_base.cyclo ./Core/StateManager/StateBase/post_flight_state_base.d ./Core/StateManager/StateBase/post_flight_state_base.o ./Core/StateManager/StateBase/post_flight_state_base.su ./Core/StateManager/StateBase/pre_flight_state_base.cyclo ./Core/StateManager/StateBase/pre_flight_state_base.d ./Core/StateManager/StateBase/pre_flight_state_base.o ./Core/StateManager/StateBase/pre_flight_state_base.su
rm -rf ./Core/Startup/startup_stm32f732retx.d ./Core/Startup/startup_stm32f732retx.o
rm -rf ./Core/Src/dma.cyclo ./Core/Src/dma.d ./Core/Src/dma.o ./Core/Src/dma.su ./Core/Src/gpio.cyclo ./Core/Src/gpio.d ./Core/Src/gpio.o ./Core/Src/gpio.su ./Core/Src/i2c.cyclo ./Core/Src/i2c.d ./Core/Src/i2c.o ./Core/Src/i2c.su ./Core/Src/isr_manager.cyclo ./Core/Src/isr_manager.d ./Core/Src/isr_manager.o ./Core/Src/isr_manager.su ./Core/Src/main.cyclo ./Core/Src/main.d ./Core/Src/main.o ./Core/Src/main.su ./Core/Src/sbus_rescaler.cyclo ./Core/Src/sbus_rescaler.d ./Core/Src/sbus_rescaler.o ./Core/Src/sbus_rescaler.su ./Core/Src/stm32f7xx_hal_msp.cyclo ./Core/Src/stm32f7xx_hal_msp.d ./Core/Src/stm32f7xx_hal_msp.o ./Core/Src/stm32f7xx_hal_msp.su ./Core/Src/stm32f7xx_it.cyclo ./Core/Src/stm32f7xx_it.d ./Core/Src/stm32f7xx_it.o ./Core/Src/stm32f7xx_it.su ./Core/Src/syscalls.cyclo ./Core/Src/syscalls.d ./Core/Src/syscalls.o ./Core/Src/syscalls.su ./Core/Src/sysmem.cyclo ./Core/Src/sysmem.d ./Core/Src/sysmem.o ./Core/Src/sysmem.su ./Core/Src/system_stm32f7xx.cyclo ./Core/Src/system_stm32f7xx.d ./Core/Src/system_stm32f7xx.o ./Core/Src/system_stm32f7xx.su ./Core/Src/tim.cyclo ./Core/Src/tim.d ./Core/Src/tim.o ./Core/Src/tim.su ./Core/Src/usart.cyclo ./Core/Src/usart.d ./Core/Src/usart.o ./Core/Src/usart.su ./Core/Src/wrapper.cyclo ./Core/Src/wrapper.d ./Core/Src/wrapper.o ./Core/Src/wrapper.su
rm -rf ./Core/Lib/STM32_Motor-Servo_Driver/motor_controller.cyclo ./Core/Lib/STM32_Motor-Servo_Driver/motor_controller.d ./Core/Lib/STM32_Motor-Servo_Driver/motor_controller.o ./Core/Lib/STM32_Motor-Servo_Driver/motor_controller.su ./Core/Lib/STM32_Motor-Servo_Driver/pwm_controller.cyclo ./Core/Lib/STM32_Motor-Servo_Driver/pwm_controller.d ./Core/Lib/STM32_Motor-Servo_Driver/pwm_controller.o ./Core/Lib/STM32_Motor-Servo_Driver/pwm_controller.su ./Core/Lib/STM32_Motor-Servo_Driver/servo_controller.cyclo ./Core/Lib/STM32_Motor-Servo_Driver/servo_controller.d ./Core/Lib/STM32_Motor-Servo_Driver/servo_controller.o ./Core/Lib/STM32_Motor-Servo_Driver/servo_controller.su
rm -rf ./Core/Lib/STM32_ICM42688P/ICM42688P.cyclo ./Core/Lib/STM32_ICM42688P/ICM42688P.d ./Core/Lib/STM32_ICM42688P/ICM42688P.o ./Core/Lib/STM32_ICM42688P/ICM42688P.su ./Core/Lib/STM32_ICM42688P/ICM42688P_HAL_I2C.cyclo ./Core/Lib/STM32_ICM42688P/ICM42688P_HAL_I2C.d ./Core/Lib/STM32_ICM42688P/ICM42688P_HAL_I2C.o ./Core/Lib/STM32_ICM42688P/ICM42688P_HAL_I2C.su ./Core/Lib/STM32_ICM42688P/ICM42688P_HAL_SPI.cyclo ./Core/Lib/STM32_ICM42688P/ICM42688P_HAL_SPI.d ./Core/Lib/STM32_ICM42688P/ICM42688P_HAL_SPI.o ./Core/Lib/STM32_ICM42688P/ICM42688P_HAL_SPI.su ./Core/Lib/STM32_ICM42688P/ICM42688P_Wire_I2C.cyclo ./Core/Lib/STM32_ICM42688P/ICM42688P_Wire_I2C.d ./Core/Lib/STM32_ICM42688P/ICM42688P_Wire_I2C.o ./Core/Lib/STM32_ICM42688P/ICM42688P_Wire_I2C.su
rm -rf ./Core/Lib/STM32_DPS368/DPS368.cyclo ./Core/Lib/STM32_DPS368/DPS368.d ./Core/Lib/STM32_DPS368/DPS368.o ./Core/Lib/STM32_DPS368/DPS368.su ./Core/Lib/STM32_DPS368/DPS368_HAL_I2C.cyclo ./Core/Lib/STM32_DPS368/DPS368_HAL_I2C.d ./Core/Lib/STM32_DPS368/DPS368_HAL_I2C.o ./Core/Lib/STM32_DPS368/DPS368_HAL_I2C.su
rm -rf ./Core/Lib/STM32_BMM350/BMM350_SensorAPI/bmm350.cyclo ./Core/Lib/STM32_BMM350/BMM350_SensorAPI/bmm350.d ./Core/Lib/STM32_BMM350/BMM350_SensorAPI/bmm350.o ./Core/Lib/STM32_BMM350/BMM350_SensorAPI/bmm350.su ./Core/Lib/STM32_BMM350/BMM350_SensorAPI/bmm350_oor.cyclo ./Core/Lib/STM32_BMM350/BMM350_SensorAPI/bmm350_oor.d ./Core/Lib/STM32_BMM350/BMM350_SensorAPI/bmm350_oor.o ./Core/Lib/STM32_BMM350/BMM350_SensorAPI/bmm350_oor.su
rm -rf ./Core/Lib/STM32_BMM350/BMM350_Class.cyclo ./Core/Lib/STM32_BMM350/BMM350_Class.d ./Core/Lib/STM32_BMM350/BMM350_Class.o ./Core/Lib/STM32_BMM350/BMM350_Class.su ./Core/Lib/STM32_BMM350/bmm350_hal.cyclo ./Core/Lib/STM32_BMM350/bmm350_hal.d ./Core/Lib/STM32_BMM350/bmm350_hal.o ./Core/Lib/STM32_BMM350/bmm350_hal.su
rm -rf ./Core/Lib/SBUS/sbus.cyclo ./Core/Lib/SBUS/sbus.d ./Core/Lib/SBUS/sbus.o ./Core/Lib/SBUS/sbus.su
rm -rf ./Core/Lib/IMU_EKF/attitude_ekf.cyclo ./Core/Lib/IMU_EKF/attitude_ekf.d ./Core/Lib/IMU_EKF/attitude_ekf.o ./Core/Lib/IMU_EKF/attitude_ekf.su ./Core/Lib/IMU_EKF/ekf.cyclo ./Core/Lib/IMU_EKF/ekf.d ./Core/Lib/IMU_EKF/ekf.o ./Core/Lib/IMU_EKF/ekf.su ./Core/Lib/IMU_EKF/matrix.cyclo ./Core/Lib/IMU_EKF/matrix.d ./Core/Lib/IMU_EKF/matrix.o ./Core/Lib/IMU_EKF/matrix.su
rm -rf ./Core/Lib/Altitude_estimation/KalmanFilter/kalman_filter.cyclo ./Core/Lib/Altitude_estimation/KalmanFilter/kalman_filter.d ./Core/Lib/Altitude_estimation/KalmanFilter/kalman_filter.o ./Core/Lib/Altitude_estimation/KalmanFilter/kalman_filter.su
rm -rf ./Core/Lib/Altitude_estimation/altitude.cyclo ./Core/Lib/Altitude_estimation/altitude.d ./Core/Lib/Altitude_estimation/altitude.o ./Core/Lib/Altitude_estimation/altitude.su
rm -rf ./Core/Lib/1DoF_PID/PID.cyclo ./Core/Lib/1DoF_PID/PID.d ./Core/Lib/1DoF_PID/PID.o ./Core/Lib/1DoF_PID/PID.su
rm -rf PFLIGHT_26.elf PFLIGHT_26.list PFLIGHT_26.map default.size.stdout
 
arm-none-eabi-gcc "../Drivers/STM32F7xx_HAL_Driver/Src/stm32f7xx_hal.c" -mcpu=cortex-m7 -std=gnu18 -g3 -DDEBUG -DUSE_HAL_DRIVER -DSTM32F732xx -c -I../Core/Inc -I../Drivers/STM32F7xx_HAL_Driver/Inc -I../Drivers/STM32F7xx_HAL_Driver/Inc/Legacy -I../Drivers/CMSIS/Device/ST/STM32F7xx/Include -I../Drivers/CMSIS/Include -I"D:/GitLocal/STM32CubeIDE/PFLIGHT_26/Core/StateManager" -I"D:/GitLocal/STM32CubeIDE/PFLIGHT_26/Core/Lib" -I"D:/GitLocal/STM32CubeIDE/PFLIGHT_26/Core/Lib/STM32_BMM350/BMM350_SensorAPI" -I"D:/GitLocal/STM32CubeIDE/PFLIGHT_26/Core/Lib/STM32_BMM350/BMM350_SensorAPI/examples/common" -I"D:/GitLocal/STM32CubeIDE/PFLIGHT_26/Core/Lib/SBUS" -I"D:/GitLocal/STM32CubeIDE/PFLIGHT_26/Core/Lib/SBUS/ringBuffer" -I"D:/GitLocal/STM32CubeIDE/PFLIGHT_26/Core/Lib/STM32_Motor-Servo_Driver" -I"D:/GitLocal/STM32CubeIDE/PFLIGHT_26/Core/Lib/Altitude_estimation" -I"D:/GitLocal/STM32CubeIDE/PFLIGHT_26/Core/Lib/Altitude_estimation/KalmanFilter" -I"D:/GitLocal/STM32CubeIDE/PFLIGHT_26/Core" -I"D:/GitLocal/STM32CubeIDE/PFLIGHT_26/Core/Utility/ManeuverSequencer" -O0 -ffunction-sections -fdata-sections -Wall -fstack-usage -fcyclomatic-complexity -MMD -MP -MF"Drivers/STM32F7xx_HAL_Driver/Src/stm32f7xx_hal.d" -MT"Drivers/STM32F7xx_HAL_Driver/Src/stm32f7xx_hal.o" --specs=nano.specs -mfpu=fpv5-sp-d16 -mfloat-abi=hard -mthumb -o "Drivers/STM32F7xx_HAL_Driver/Src/stm32f7xx_hal.o"
arm-none-eabi-gcc "../Drivers/STM32F7xx_HAL_Driver/Src/stm32f7xx_hal_cortex.c" -mcpu=cortex-m7 -std=gnu18 -g3 -DDEBUG -DUSE_HAL_DRIVER -DSTM32F732xx -c -I../Core/Inc -I../Drivers/STM32F7xx_HAL_Driver/Inc -I../Drivers/STM32F7xx_HAL_Driver/Inc/Legacy -I../Drivers/CMSIS/Device/ST/STM32F7xx/Include -I../Drivers/CMSIS/Include -I"D:/GitLocal/STM32CubeIDE/PFLIGHT_26/Core/StateManager" -I"D:/GitLocal/STM32CubeIDE/PFLIGHT_26/Core/Lib" -I"D:/GitLocal/STM32CubeIDE/PFLIGHT_26/Core/Lib/STM32_BMM350/BMM350_SensorAPI" -I"D:/GitLocal/STM32CubeIDE/PFLIGHT_26/Core/Lib/STM32_BMM350/BMM350_SensorAPI/examples/common" -I"D:/GitLocal/STM32CubeIDE/PFLIGHT_26/Core/Lib/SBUS" -I"D:/GitLocal/STM32CubeIDE/PFLIGHT_26/Core/Lib/SBUS/ringBuffer" -I"D:/GitLocal/STM32CubeIDE/PFLIGHT_26/Core/Lib/STM32_Motor-Servo_Driver" -I"D:/GitLocal/STM32CubeIDE/PFLIGHT_26/Core/Lib/Altitude_estimation" -I"D:/GitLocal/STM32CubeIDE/PFLIGHT_26/Core/Lib/Altitude_estimation/KalmanFilter" -I"D:/GitLocal/STM32CubeIDE/PFLIGHT_26/Core" -I"D:/GitLocal/STM32CubeIDE/PFLIGHT_26/Core/Utility/ManeuverSequencer" -O0 -ffunction-sections -fdata-sections -Wall -fstack-usage -fcyclomatic-complexity -MMD -MP -MF"Drivers/STM32F7xx_HAL_Driver/Src/stm32f7xx_hal_cortex.d" -MT"Drivers/STM32F7xx_HAL_Driver/Src/stm32f7xx_hal_cortex.o" --specs=nano.specs -mfpu=fpv5-sp-d16 -mfloat-abi=hard -mthumb -o "Drivers/STM32F7xx_HAL_Driver/Src/stm32f7xx_hal_cortex.o"
arm-none-eabi-gcc "../Drivers/STM32F7xx_HAL_Driver/Src/stm32f7xx_hal_dma.c" -mcpu=cortex-m7 -std=gnu18 -g3 -DDEBUG -DUSE_HAL_DRIVER -DSTM32F732xx -c -I../Core/Inc -I../Drivers/STM32F7xx_HAL_Driver/Inc -I../Drivers/STM32F7xx_HAL_Driver/Inc/Legacy -I../Drivers/CMSIS/Device/ST/STM32F7xx/Include -I../Drivers/CMSIS/Include -I"D:/GitLocal/STM32CubeIDE/PFLIGHT_26/Core/StateManager" -I"D:/GitLocal/STM32CubeIDE/PFLIGHT_26/Core/Lib" -I"D:/GitLocal/STM32CubeIDE/PFLIGHT_26/Core/Lib/STM32_BMM350/BMM350_SensorAPI" -I"D:/GitLocal/STM32CubeIDE/PFLIGHT_26/Core/Lib/STM32_BMM350/BMM350_SensorAPI/examples/common" -I"D:/GitLocal/STM32CubeIDE/PFLIGHT_26/Core/Lib/SBUS" -I"D:/GitLocal/STM32CubeIDE/PFLIGHT_26/Core/Lib/SBUS/ringBuffer" -I"D:/GitLocal/STM32CubeIDE/PFLIGHT_26/Core/Lib/STM32_Motor-Servo_Driver" -I"D:/GitLocal/STM32CubeIDE/PFLIGHT_26/Core/Lib/Altitude_estimation" -I"D:/GitLocal/STM32CubeIDE/PFLIGHT_26/Core/Lib/Altitude_estimation/KalmanFilter" -I"D:/GitLocal/STM32CubeIDE/PFLIGHT_26/Core" -I"D:/GitLocal/STM32CubeIDE/PFLIGHT_26/Core/Utility/ManeuverSequencer" -O0 -ffunction-sections -fdata-sections -Wall -fstack-usage -fcyclomatic-complexity -MMD -MP -MF"Drivers/STM32F7xx_HAL_Driver/Src/stm32f7xx_hal_dma.d" -MT"Drivers/STM32F7xx_HAL_Driver/Src/stm32f7xx_hal_dma.o" --specs=nano.specs -mfpu=fpv5-sp-d16 -mfloat-abi=hard -mthumb -o "Drivers/STM32F7xx_HAL_Driver/Src/stm32f7xx_hal_dma.o"
arm-none-eabi-gcc "../Drivers/STM32F7xx_HAL_Driver/Src/stm32f7xx_hal_dma_ex.c" -mcpu=cortex-m7 -std=gnu18 -g3 -DDEBUG -DUSE_HAL_DRIVER -DSTM32F732xx -c -I../Core/Inc -I../Drivers/STM32F7xx_HAL_Driver/Inc -I../Drivers/STM32F7xx_HAL_Driver/Inc/Legacy -I../Drivers/CMSIS/Device/ST/STM32F7xx/Include -I../Drivers/CMSIS/Include -I"D:/GitLocal/STM32CubeIDE/PFLIGHT_26/Core/StateManager" -I"D:/GitLocal/STM32CubeIDE/PFLIGHT_26/Core/Lib" -I"D:/GitLocal/STM32CubeIDE/PFLIGHT_26/Core/Lib/STM32_BMM350/BMM350_SensorAPI" -I"D:/GitLocal/STM32CubeIDE/PFLIGHT_26/Core/Lib/STM32_BMM350/BMM350_SensorAPI/examples/common" -I"D:/GitLocal/STM32CubeIDE/PFLIGHT_26/Core/Lib/SBUS" -I"D:/GitLocal/STM32CubeIDE/PFLIGHT_26/Core/Lib/SBUS/ringBuffer" -I"D:/GitLocal/STM32CubeIDE/PFLIGHT_26/Core/Lib/STM32_Motor-Servo_Driver" -I"D:/GitLocal/STM32CubeIDE/PFLIGHT_26/Core/Lib/Altitude_estimation" -I"D:/GitLocal/STM32CubeIDE/PFLIGHT_26/Core/Lib/Altitude_estimation/KalmanFilter" -I"D:/GitLocal/STM32CubeIDE/PFLIGHT_26/Core" -I"D:/GitLocal/STM32CubeIDE/PFLIGHT_26/Core/Utility/ManeuverSequencer" -O0 -ffunction-sections -fdata-sections -Wall -fstack-usage -fcyclomatic-complexity -MMD -MP -MF"Drivers/STM32F7xx_HAL_Driver/Src/stm32f7xx_hal_dma_ex.d" -MT"Drivers/STM32F7xx_HAL_Driver/Src/stm32f7xx_hal_dma_ex.o" --specs=nano.specs -mfpu=fpv5-sp-d16 -mfloat-abi=hard -mthumb -o "Drivers/STM32F7xx_HAL_Driver/Src/stm32f7xx_hal_dma_ex.o"
arm-none-eabi-gcc "../Drivers/STM32F7xx_HAL_Driver/Src/stm32f7xx_hal_exti.c" -mcpu=cortex-m7 -std=gnu18 -g3 -DDEBUG -DUSE_HAL_DRIVER -DSTM32F732xx -c -I../Core/Inc -I../Drivers/STM32F7xx_HAL_Driver/Inc -I../Drivers/STM32F7xx_HAL_Driver/Inc/Legacy -I../Drivers/CMSIS/Device/ST/STM32F7xx/Include -I../Drivers/CMSIS/Include -I"D:/GitLocal/STM32CubeIDE/PFLIGHT_26/Core/StateManager" -I"D:/GitLocal/STM32CubeIDE/PFLIGHT_26/Core/Lib" -I"D:/GitLocal/STM32CubeIDE/PFLIGHT_26/Core/Lib/STM32_BMM350/BMM350_SensorAPI" -I"D:/GitLocal/STM32CubeIDE/PFLIGHT_26/Core/Lib/STM32_BMM350/BMM350_SensorAPI/examples/common" -I"D:/GitLocal/STM32CubeIDE/PFLIGHT_26/Core/Lib/SBUS" -I"D:/GitLocal/STM32CubeIDE/PFLIGHT_26/Core/Lib/SBUS/ringBuffer" -I"D:/GitLocal/STM32CubeIDE/PFLIGHT_26/Core/Lib/STM32_Motor-Servo_Driver" -I"D:/GitLocal/STM32CubeIDE/PFLIGHT_26/Core/Lib/Altitude_estimation" -I"D:/GitLocal/STM32CubeIDE/PFLIGHT_26/Core/Lib/Altitude_estimation/KalmanFilter" -I"D:/GitLocal/STM32CubeIDE/PFLIGHT_26/Core" -I"D:/GitLocal/STM32CubeIDE/PFLIGHT_26/Core/Utility/ManeuverSequencer" -O0 -ffunction-sections -fdata-sections -Wall -fstack-usage -fcyclomatic-complexity -MMD -MP -MF"Drivers/STM32F7xx_HAL_Driver/Src/stm32f7xx_hal_exti.d" -MT"Drivers/STM32F7xx_HAL_Driver/Src/stm32f7xx_hal_exti.o" --specs=nano.specs -mfpu=fpv5-sp-d16 -mfloat-abi=hard -mthumb -o "Drivers/STM32F7xx_HAL_Driver/Src/stm32f7xx_hal_exti.o"
arm-none-eabi-gcc "../Drivers/STM32F7xx_HAL_Driver/Src/stm32f7xx_hal_flash.c" -mcpu=cortex-m7 -std=gnu18 -g3 -DDEBUG -DUSE_HAL_DRIVER -DSTM32F732xx -c -I../Core/Inc -I../Drivers/STM32F7xx_HAL_Driver/Inc -I../Drivers/STM32F7xx_HAL_Driver/Inc/Legacy -I../Drivers/CMSIS/Device/ST/STM32F7xx/Include -I../Drivers/CMSIS/Include -I"D:/GitLocal/STM32CubeIDE/PFLIGHT_26/Core/StateManager" -I"D:/GitLocal/STM32CubeIDE/PFLIGHT_26/Core/Lib" -I"D:/GitLocal/STM32CubeIDE/PFLIGHT_26/Core/Lib/STM32_BMM350/BMM350_SensorAPI" -I"D:/GitLocal/STM32CubeIDE/PFLIGHT_26/Core/Lib/STM32_BMM350/BMM350_SensorAPI/examples/common" -I"D:/GitLocal/STM32CubeIDE/PFLIGHT_26/Core/Lib/SBUS" -I"D:/GitLocal/STM32CubeIDE/PFLIGHT_26/Core/Lib/SBUS/ringBuffer" -I"D:/GitLocal/STM32CubeIDE/PFLIGHT_26/Core/Lib/STM32_Motor-Servo_Driver" -I"D:/GitLocal/STM32CubeIDE/PFLIGHT_26/Core/Lib/Altitude_estimation" -I"D:/GitLocal/STM32CubeIDE/PFLIGHT_26/Core/Lib/Altitude_estimation/KalmanFilter" -I"D:/GitLocal/STM32CubeIDE/PFLIGHT_26/Core" -I"D:/GitLocal/STM32CubeIDE/PFLIGHT_26/Core/Utility/ManeuverSequencer" -O0 -ffunction-sections -fdata-sections -Wall -fstack-usage -fcyclomatic-complexity -MMD -MP -MF"Drivers/STM32F7xx_HAL_Driver/Src/stm32f7xx_hal_flash.d" -MT"Drivers/STM32F7xx_HAL_Driver/Src/stm32f7xx_hal_flash.o" --specs=nano.specs -mfpu=fpv5-sp-d16 -mfloat-abi=hard -mthumb -o "Drivers/STM32F7xx_HAL_Driver/Src/stm32f7xx_hal_flash.o"
arm-none-eabi-gcc "../Drivers/STM32F7xx_HAL_Driver/Src/stm32f7xx_hal_flash_ex.c" -mcpu=cortex-m7 -std=gnu18 -g3 -DDEBUG -DUSE_HAL_DRIVER -DSTM32F732xx -c -I../Core/Inc -I../Drivers/STM32F7xx_HAL_Driver/Inc -I../Drivers/STM32F7xx_HAL_Driver/Inc/Legacy -I../Drivers/CMSIS/Device/ST/STM32F7xx/Include -I../Drivers/CMSIS/Include -I"D:/GitLocal/STM32CubeIDE/PFLIGHT_26/Core/StateManager" -I"D:/GitLocal/STM32CubeIDE/PFLIGHT_26/Core/Lib" -I"D:/GitLocal/STM32CubeIDE/PFLIGHT_26/Core/Lib/STM32_BMM350/BMM350_SensorAPI" -I"D:/GitLocal/STM32CubeIDE/PFLIGHT_26/Core/Lib/STM32_BMM350/BMM350_SensorAPI/examples/common" -I"D:/GitLocal/STM32CubeIDE/PFLIGHT_26/Core/Lib/SBUS" -I"D:/GitLocal/STM32CubeIDE/PFLIGHT_26/Core/Lib/SBUS/ringBuffer" -I"D:/GitLocal/STM32CubeIDE/PFLIGHT_26/Core/Lib/STM32_Motor-Servo_Driver" -I"D:/GitLocal/STM32CubeIDE/PFLIGHT_26/Core/Lib/Altitude_estimation" -I"D:/GitLocal/STM32CubeIDE/PFLIGHT_26/Core/Lib/Altitude_estimation/KalmanFilter" -I"D:/GitLocal/STM32CubeIDE/PFLIGHT_26/Core" -I"D:/GitLocal/STM32CubeIDE/PFLIGHT_26/Core/Utility/ManeuverSequencer" -O0 -ffunction-sections -fdata-sections -Wall -fstack-usage -fcyclomatic-complexity -MMD -MP -MF"Drivers/STM32F7xx_HAL_Driver/Src/stm32f7xx_hal_flash_ex.d" -MT"Drivers/STM32F7xx_HAL_Driver/Src/stm32f7xx_hal_flash_ex.o" --specs=nano.specs -mfpu=fpv5-sp-d16 -mfloat-abi=hard -mthumb -o "Drivers/STM32F7xx_HAL_Driver/Src/stm32f7xx_hal_flash_ex.o"
arm-none-eabi-gcc "../Drivers/STM32F7xx_HAL_Driver/Src/stm32f7xx_hal_gpio.c" -mcpu=cortex-m7 -std=gnu18 -g3 -DDEBUG -DUSE_HAL_DRIVER -DSTM32F732xx -c -I../Core/Inc -I../Drivers/STM32F7xx_HAL_Driver/Inc -I../Drivers/STM32F7xx_HAL_Driver/Inc/Legacy -I../Drivers/CMSIS/Device/ST/STM32F7xx/Include -I../Drivers/CMSIS/Include -I"D:/GitLocal/STM32CubeIDE/PFLIGHT_26/Core/StateManager" -I"D:/GitLocal/STM32CubeIDE/PFLIGHT_26/Core/Lib" -I"D:/GitLocal/STM32CubeIDE/PFLIGHT_26/Core/Lib/STM32_BMM350/BMM350_SensorAPI" -I"D:/GitLocal/STM32CubeIDE/PFLIGHT_26/Core/Lib/STM32_BMM350/BMM350_SensorAPI/examples/common" -I"D:/GitLocal/STM32CubeIDE/PFLIGHT_26/Core/Lib/SBUS" -I"D:/GitLocal/STM32CubeIDE/PFLIGHT_26/Core/Lib/SBUS/ringBuffer" -I"D:/GitLocal/STM32CubeIDE/PFLIGHT_26/Core/Lib/STM32_Motor-Servo_Driver" -I"D:/GitLocal/STM32CubeIDE/PFLIGHT_26/Core/Lib/Altitude_estimation" -I"D:/GitLocal/STM32CubeIDE/PFLIGHT_26/Core/Lib/Altitude_estimation/KalmanFilter" -I"D:/GitLocal/STM32CubeIDE/PFLIGHT_26/Core" -I"D:/GitLocal/STM32CubeIDE/PFLIGHT_26/Core/Utility/ManeuverSequencer" -O0 -ffunction-sections -fdata-sections -Wall -fstack-usage -fcyclomatic-complexity -MMD -MP -MF"Drivers/STM32F7xx_HAL_Driver/Src/stm32f7xx_hal_gpio.d" -MT"Drivers/STM32F7xx_HAL_Driver/Src/stm32f7xx_hal_gpio.o" --specs=nano.specs -mfpu=fpv5-sp-d16 -mfloat-abi=hard -mthumb -o "Drivers/STM32F7xx_HAL_Driver/Src/stm32f7xx_hal_gpio.o"
arm-none-eabi-gcc "../Drivers/STM32F7xx_HAL_Driver/Src/stm32f7xx_hal_i2c.c" -mcpu=cortex-m7 -std=gnu18 -g3 -DDEBUG -DUSE_HAL_DRIVER -DSTM32F732xx -c -I../Core/Inc -I../Drivers/STM32F7xx_HAL_Driver/Inc -I../Drivers/STM32F7xx_HAL_Driver/Inc/Legacy -I../Drivers/CMSIS/Device/ST/STM32F7xx/Include -I../Drivers/CMSIS/Include -I"D:/GitLocal/STM32CubeIDE/PFLIGHT_26/Core/StateManager" -I"D:/GitLocal/STM32CubeIDE/PFLIGHT_26/Core/Lib" -I"D:/GitLocal/STM32CubeIDE/PFLIGHT_26/Core/Lib/STM32_BMM350/BMM350_SensorAPI" -I"D:/GitLocal/STM32CubeIDE/PFLIGHT_26/Core/Lib/STM32_BMM350/BMM350_SensorAPI/examples/common" -I"D:/GitLocal/STM32CubeIDE/PFLIGHT_26/Core/Lib/SBUS" -I"D:/GitLocal/STM32CubeIDE/PFLIGHT_26/Core/Lib/SBUS/ringBuffer" -I"D:/GitLocal/STM32CubeIDE/PFLIGHT_26/Core/Lib/STM32_Motor-Servo_Driver" -I"D:/GitLocal/STM32CubeIDE/PFLIGHT_26/Core/Lib/Altitude_estimation" -I"D:/GitLocal/STM32CubeIDE/PFLIGHT_26/Core/Lib/Altitude_estimation/KalmanFilter" -I"D:/GitLocal/STM32CubeIDE/PFLIGHT_26/Core" -I"D:/GitLocal/STM32CubeIDE/PFLIGHT_26/Core/Utility/ManeuverSequencer" -O0 -ffunction-sections -fdata-sections -Wall -fstack-usage -fcyclomatic-complexity -MMD -MP -MF"Drivers/STM32F7xx_HAL_Driver/Src/stm32f7xx_hal_i2c.d" -MT"Drivers/STM32F7xx_HAL_Driver/Src/stm32f7xx_hal_i2c.o" --specs=nano.specs -mfpu=fpv5-sp-d16 -mfloat-abi=hard -mthumb -o "Drivers/STM32F7xx_HAL_Driver/Src/stm32f7xx_hal_i2c.o"
arm-none-eabi-gcc "../Drivers/STM32F7xx_HAL_Driver/Src/stm32f7xx_hal_i2c_ex.c" -mcpu=cortex-m7 -std=gnu18 -g3 -DDEBUG -DUSE_HAL_DRIVER -DSTM32F732xx -c -I../Core/Inc -I../Drivers/STM32F7xx_HAL_Driver/Inc -I../Drivers/STM32F7xx_HAL_Driver/Inc/Legacy -I../Drivers/CMSIS/Device/ST/STM32F7xx/Include -I../Drivers/CMSIS/Include -I"D:/GitLocal/STM32CubeIDE/PFLIGHT_26/Core/StateManager" -I"D:/GitLocal/STM32CubeIDE/PFLIGHT_26/Core/Lib" -I"D:/GitLocal/STM32CubeIDE/PFLIGHT_26/Core/Lib/STM32_BMM350/BMM350_SensorAPI" -I"D:/GitLocal/STM32CubeIDE/PFLIGHT_26/Core/Lib/STM32_BMM350/BMM350_SensorAPI/examples/common" -I"D:/GitLocal/STM32CubeIDE/PFLIGHT_26/Core/Lib/SBUS" -I"D:/GitLocal/STM32CubeIDE/PFLIGHT_26/Core/Lib/SBUS/ringBuffer" -I"D:/GitLocal/STM32CubeIDE/PFLIGHT_26/Core/Lib/STM32_Motor-Servo_Driver" -I"D:/GitLocal/STM32CubeIDE/PFLIGHT_26/Core/Lib/Altitude_estimation" -I"D:/GitLocal/STM32CubeIDE/PFLIGHT_26/Core/Lib/Altitude_estimation/KalmanFilter" -I"D:/GitLocal/STM32CubeIDE/PFLIGHT_26/Core" -I"D:/GitLocal/STM32CubeIDE/PFLIGHT_26/Core/Utility/ManeuverSequencer" -O0 -ffunction-sections -fdata-sections -Wall -fstack-usage -fcyclomatic-complexity -MMD -MP -MF"Drivers/STM32F7xx_HAL_Driver/Src/stm32f7xx_hal_i2c_ex.d" -MT"Drivers/STM32F7xx_HAL_Driver/Src/stm32f7xx_hal_i2c_ex.o" --specs=nano.specs -mfpu=fpv5-sp-d16 -mfloat-abi=hard -mthumb -o "Drivers/STM32F7xx_HAL_Driver/Src/stm32f7xx_hal_i2c_ex.o"
arm-none-eabi-gcc "../Drivers/STM32F7xx_HAL_Driver/Src/stm32f7xx_hal_pwr.c" -mcpu=cortex-m7 -std=gnu18 -g3 -DDEBUG -DUSE_HAL_DRIVER -DSTM32F732xx -c -I../Core/Inc -I../Drivers/STM32F7xx_HAL_Driver/Inc -I../Drivers/STM32F7xx_HAL_Driver/Inc/Legacy -I../Drivers/CMSIS/Device/ST/STM32F7xx/Include -I../Drivers/CMSIS/Include -I"D:/GitLocal/STM32CubeIDE/PFLIGHT_26/Core/StateManager" -I"D:/GitLocal/STM32CubeIDE/PFLIGHT_26/Core/Lib" -I"D:/GitLocal/STM32CubeIDE/PFLIGHT_26/Core/Lib/STM32_BMM350/BMM350_SensorAPI" -I"D:/GitLocal/STM32CubeIDE/PFLIGHT_26/Core/Lib/STM32_BMM350/BMM350_SensorAPI/examples/common" -I"D:/GitLocal/STM32CubeIDE/PFLIGHT_26/Core/Lib/SBUS" -I"D:/GitLocal/STM32CubeIDE/PFLIGHT_26/Core/Lib/SBUS/ringBuffer" -I"D:/GitLocal/STM32CubeIDE/PFLIGHT_26/Core/Lib/STM32_Motor-Servo_Driver" -I"D:/GitLocal/STM32CubeIDE/PFLIGHT_26/Core/Lib/Altitude_estimation" -I"D:/GitLocal/STM32CubeIDE/PFLIGHT_26/Core/Lib/Altitude_estimation/KalmanFilter" -I"D:/GitLocal/STM32CubeIDE/PFLIGHT_26/Core" -I"D:/GitLocal/STM32CubeIDE/PFLIGHT_26/Core/Utility/ManeuverSequencer" -O0 -ffunction-sections -fdata-sections -Wall -fstack-usage -fcyclomatic-complexity -MMD -MP -MF"Drivers/STM32F7xx_HAL_Driver/Src/stm32f7xx_hal_pwr.d" -MT"Drivers/STM32F7xx_HAL_Driver/Src/stm32f7xx_hal_pwr.o" --specs=nano.specs -mfpu=fpv5-sp-d16 -mfloat-abi=hard -mthumb -o "Drivers/STM32F7xx_HAL_Driver/Src/stm32f7xx_hal_pwr.o"
arm-none-eabi-gcc "../Drivers/STM32F7xx_HAL_Driver/Src/stm32f7xx_hal_pwr_ex.c" -mcpu=cortex-m7 -std=gnu18 -g3 -DDEBUG -DUSE_HAL_DRIVER -DSTM32F732xx -c -I../Core/Inc -I../Drivers/STM32F7xx_HAL_Driver/Inc -I../Drivers/STM32F7xx_HAL_Driver/Inc/Legacy -I../Drivers/CMSIS/Device/ST/STM32F7xx/Include -I../Drivers/CMSIS/Include -I"D:/GitLocal/STM32CubeIDE/PFLIGHT_26/Core/StateManager" -I"D:/GitLocal/STM32CubeIDE/PFLIGHT_26/Core/Lib" -I"D:/GitLocal/STM32CubeIDE/PFLIGHT_26/Core/Lib/STM32_BMM350/BMM350_SensorAPI" -I"D:/GitLocal/STM32CubeIDE/PFLIGHT_26/Core/Lib/STM32_BMM350/BMM350_SensorAPI/examples/common" -I"D:/GitLocal/STM32CubeIDE/PFLIGHT_26/Core/Lib/SBUS" -I"D:/GitLocal/STM32CubeIDE/PFLIGHT_26/Core/Lib/SBUS/ringBuffer" -I"D:/GitLocal/STM32CubeIDE/PFLIGHT_26/Core/Lib/STM32_Motor-Servo_Driver" -I"D:/GitLocal/STM32CubeIDE/PFLIGHT_26/Core/Lib/Altitude_estimation" -I"D:/GitLocal/STM32CubeIDE/PFLIGHT_26/Core/Lib/Altitude_estimation/KalmanFilter" -I"D:/GitLocal/STM32CubeIDE/PFLIGHT_26/Core" -I"D:/GitLocal/STM32CubeIDE/PFLIGHT_26/Core/Utility/ManeuverSequencer" -O0 -ffunction-sections -fdata-sections -Wall -fstack-usage -fcyclomatic-complexity -MMD -MP -MF"Drivers/STM32F7xx_HAL_Driver/Src/stm32f7xx_hal_pwr_ex.d" -MT"Drivers/STM32F7xx_HAL_Driver/Src/stm32f7xx_hal_pwr_ex.o" --specs=nano.specs -mfpu=fpv5-sp-d16 -mfloat-abi=hard -mthumb -o "Drivers/STM32F7xx_HAL_Driver/Src/stm32f7xx_hal_pwr_ex.o"
arm-none-eabi-gcc "../Drivers/STM32F7xx_HAL_Driver/Src/stm32f7xx_hal_rcc.c" -mcpu=cortex-m7 -std=gnu18 -g3 -DDEBUG -DUSE_HAL_DRIVER -DSTM32F732xx -c -I../Core/Inc -I../Drivers/STM32F7xx_HAL_Driver/Inc -I../Drivers/STM32F7xx_HAL_Driver/Inc/Legacy -I../Drivers/CMSIS/Device/ST/STM32F7xx/Include -I../Drivers/CMSIS/Include -I"D:/GitLocal/STM32CubeIDE/PFLIGHT_26/Core/StateManager" -I"D:/GitLocal/STM32CubeIDE/PFLIGHT_26/Core/Lib" -I"D:/GitLocal/STM32CubeIDE/PFLIGHT_26/Core/Lib/STM32_BMM350/BMM350_SensorAPI" -I"D:/GitLocal/STM32CubeIDE/PFLIGHT_26/Core/Lib/STM32_BMM350/BMM350_SensorAPI/examples/common" -I"D:/GitLocal/STM32CubeIDE/PFLIGHT_26/Core/Lib/SBUS" -I"D:/GitLocal/STM32CubeIDE/PFLIGHT_26/Core/Lib/SBUS/ringBuffer" -I"D:/GitLocal/STM32CubeIDE/PFLIGHT_26/Core/Lib/STM32_Motor-Servo_Driver" -I"D:/GitLocal/STM32CubeIDE/PFLIGHT_26/Core/Lib/Altitude_estimation" -I"D:/GitLocal/STM32CubeIDE/PFLIGHT_26/Core/Lib/Altitude_estimation/KalmanFilter" -I"D:/GitLocal/STM32CubeIDE/PFLIGHT_26/Core" -I"D:/GitLocal/STM32CubeIDE/PFLIGHT_26/Core/Utility/ManeuverSequencer" -O0 -ffunction-sections -fdata-sections -Wall -fstack-usage -fcyclomatic-complexity -MMD -MP -MF"Drivers/STM32F7xx_HAL_Driver/Src/stm32f7xx_hal_rcc.d" -MT"Drivers/STM32F7xx_HAL_Driver/Src/stm32f7xx_hal_rcc.o" --specs=nano.specs -mfpu=fpv5-sp-d16 -mfloat-abi=hard -mthumb -o "Drivers/STM32F7xx_HAL_Driver/Src/stm32f7xx_hal_rcc.o"
arm-none-eabi-gcc "../Drivers/STM32F7xx_HAL_Driver/Src/stm32f7xx_hal_rcc_ex.c" -mcpu=cortex-m7 -std=gnu18 -g3 -DDEBUG -DUSE_HAL_DRIVER -DSTM32F732xx -c -I../Core/Inc -I../Drivers/STM32F7xx_HAL_Driver/Inc -I../Drivers/STM32F7xx_HAL_Driver/Inc/Legacy -I../Drivers/CMSIS/Device/ST/STM32F7xx/Include -I../Drivers/CMSIS/Include -I"D:/GitLocal/STM32CubeIDE/PFLIGHT_26/Core/StateManager" -I"D:/GitLocal/STM32CubeIDE/PFLIGHT_26/Core/Lib" -I"D:/GitLocal/STM32CubeIDE/PFLIGHT_26/Core/Lib/STM32_BMM350/BMM350_SensorAPI" -I"D:/GitLocal/STM32CubeIDE/PFLIGHT_26/Core/Lib/STM32_BMM350/BMM350_SensorAPI/examples/common" -I"D:/GitLocal/STM32CubeIDE/PFLIGHT_26/Core/Lib/SBUS" -I"D:/GitLocal/STM32CubeIDE/PFLIGHT_26/Core/Lib/SBUS/ringBuffer" -I"D:/GitLocal/STM32CubeIDE/PFLIGHT_26/Core/Lib/STM32_Motor-Servo_Driver" -I"D:/GitLocal/STM32CubeIDE/PFLIGHT_26/Core/Lib/Altitude_estimation" -I"D:/GitLocal/STM32CubeIDE/PFLIGHT_26/Core/Lib/Altitude_estimation/KalmanFilter" -I"D:/GitLocal/STM32CubeIDE/PFLIGHT_26/Core" -I"D:/GitLocal/STM32CubeIDE/PFLIGHT_26/Core/Utility/ManeuverSequencer" -O0 -ffunction-sections -fdata-sections -Wall -fstack-usage -fcyclomatic-complexity -MMD -MP -MF"Drivers/STM32F7xx_HAL_Driver/Src/stm32f7xx_hal_rcc_ex.d" -MT"Drivers/STM32F7xx_HAL_Driver/Src/stm32f7xx_hal_rcc_ex.o" --specs=nano.specs -mfpu=fpv5-sp-d16 -mfloat-abi=hard -mthumb -o "Drivers/STM32F7xx_HAL_Driver/Src/stm32f7xx_hal_rcc_ex.o"
arm-none-eabi-gcc "../Drivers/STM32F7xx_HAL_Driver/Src/stm32f7xx_hal_tim.c" -mcpu=cortex-m7 -std=gnu18 -g3 -DDEBUG -DUSE_HAL_DRIVER -DSTM32F732xx -c -I../Core/Inc -I../Drivers/STM32F7xx_HAL_Driver/Inc -I../Drivers/STM32F7xx_HAL_Driver/Inc/Legacy -I../Drivers/CMSIS/Device/ST/STM32F7xx/Include -I../Drivers/CMSIS/Include -I"D:/GitLocal/STM32CubeIDE/PFLIGHT_26/Core/StateManager" -I"D:/GitLocal/STM32CubeIDE/PFLIGHT_26/Core/Lib" -I"D:/GitLocal/STM32CubeIDE/PFLIGHT_26/Core/Lib/STM32_BMM350/BMM350_SensorAPI" -I"D:/GitLocal/STM32CubeIDE/PFLIGHT_26/Core/Lib/STM32_BMM350/BMM350_SensorAPI/examples/common" -I"D:/GitLocal/STM32CubeIDE/PFLIGHT_26/Core/Lib/SBUS" -I"D:/GitLocal/STM32CubeIDE/PFLIGHT_26/Core/Lib/SBUS/ringBuffer" -I"D:/GitLocal/STM32CubeIDE/PFLIGHT_26/Core/Lib/STM32_Motor-Servo_Driver" -I"D:/GitLocal/STM32CubeIDE/PFLIGHT_26/Core/Lib/Altitude_estimation" -I"D:/GitLocal/STM32CubeIDE/PFLIGHT_26/Core/Lib/Altitude_estimation/KalmanFilter" -I"D:/GitLocal/STM32CubeIDE/PFLIGHT_26/Core" -I"D:/GitLocal/STM32CubeIDE/PFLIGHT_26/Core/Utility/ManeuverSequencer" -O0 -ffunction-sections -fdata-sections -Wall -fstack-usage -fcyclomatic-complexity -MMD -MP -MF"Drivers/STM32F7xx_HAL_Driver/Src/stm32f7xx_hal_tim.d" -MT"Drivers/STM32F7xx_HAL_Driver/Src/stm32f7xx_hal_tim.o" --specs=nano.specs -mfpu=fpv5-sp-d16 -mfloat-abi=hard -mthumb -o "Drivers/STM32F7xx_HAL_Driver/Src/stm32f7xx_hal_tim.o"
arm-none-eabi-gcc "../Drivers/STM32F7xx_HAL_Driver/Src/stm32f7xx_hal_tim_ex.c" -mcpu=cortex-m7 -std=gnu18 -g3 -DDEBUG -DUSE_HAL_DRIVER -DSTM32F732xx -c -I../Core/Inc -I../Drivers/STM32F7xx_HAL_Driver/Inc -I../Drivers/STM32F7xx_HAL_Driver/Inc/Legacy -I../Drivers/CMSIS/Device/ST/STM32F7xx/Include -I../Drivers/CMSIS/Include -I"D:/GitLocal/STM32CubeIDE/PFLIGHT_26/Core/StateManager" -I"D:/GitLocal/STM32CubeIDE/PFLIGHT_26/Core/Lib" -I"D:/GitLocal/STM32CubeIDE/PFLIGHT_26/Core/Lib/STM32_BMM350/BMM350_SensorAPI" -I"D:/GitLocal/STM32CubeIDE/PFLIGHT_26/Core/Lib/STM32_BMM350/BMM350_SensorAPI/examples/common" -I"D:/GitLocal/STM32CubeIDE/PFLIGHT_26/Core/Lib/SBUS" -I"D:/GitLocal/STM32CubeIDE/PFLIGHT_26/Core/Lib/SBUS/ringBuffer" -I"D:/GitLocal/STM32CubeIDE/PFLIGHT_26/Core/Lib/STM32_Motor-Servo_Driver" -I"D:/GitLocal/STM32CubeIDE/PFLIGHT_26/Core/Lib/Altitude_estimation" -I"D:/GitLocal/STM32CubeIDE/PFLIGHT_26/Core/Lib/Altitude_estimation/KalmanFilter" -I"D:/GitLocal/STM32CubeIDE/PFLIGHT_26/Core" -I"D:/GitLocal/STM32CubeIDE/PFLIGHT_26/Core/Utility/ManeuverSequencer" -O0 -ffunction-sections -fdata-sections -Wall -fstack-usage -fcyclomatic-complexity -MMD -MP -MF"Drivers/STM32F7xx_HAL_Driver/Src/stm32f7xx_hal_tim_ex.d" -MT"Drivers/STM32F7xx_HAL_Driver/Src/stm32f7xx_hal_tim_ex.o" --specs=nano.specs -mfpu=fpv5-sp-d16 -mfloat-abi=hard -mthumb -o "Drivers/STM32F7xx_HAL_Driver/Src/stm32f7xx_hal_tim_ex.o"
arm-none-eabi-gcc "../Drivers/STM32F7xx_HAL_Driver/Src/stm32f7xx_hal_uart.c" -mcpu=cortex-m7 -std=gnu18 -g3 -DDEBUG -DUSE_HAL_DRIVER -DSTM32F732xx -c -I../Core/Inc -I../Drivers/STM32F7xx_HAL_Driver/Inc -I../Drivers/STM32F7xx_HAL_Driver/Inc/Legacy -I../Drivers/CMSIS/Device/ST/STM32F7xx/Include -I../Drivers/CMSIS/Include -I"D:/GitLocal/STM32CubeIDE/PFLIGHT_26/Core/StateManager" -I"D:/GitLocal/STM32CubeIDE/PFLIGHT_26/Core/Lib" -I"D:/GitLocal/STM32CubeIDE/PFLIGHT_26/Core/Lib/STM32_BMM350/BMM350_SensorAPI" -I"D:/GitLocal/STM32CubeIDE/PFLIGHT_26/Core/Lib/STM32_BMM350/BMM350_SensorAPI/examples/common" -I"D:/GitLocal/STM32CubeIDE/PFLIGHT_26/Core/Lib/SBUS" -I"D:/GitLocal/STM32CubeIDE/PFLIGHT_26/Core/Lib/SBUS/ringBuffer" -I"D:/GitLocal/STM32CubeIDE/PFLIGHT_26/Core/Lib/STM32_Motor-Servo_Driver" -I"D:/GitLocal/STM32CubeIDE/PFLIGHT_26/Core/Lib/Altitude_estimation" -I"D:/GitLocal/STM32CubeIDE/PFLIGHT_26/Core/Lib/Altitude_estimation/KalmanFilter" -I"D:/GitLocal/STM32CubeIDE/PFLIGHT_26/Core" -I"D:/GitLocal/STM32CubeIDE/PFLIGHT_26/Core/Utility/ManeuverSequencer" -O0 -ffunction-sections -fdata-sections -Wall -fstack-usage -fcyclomatic-complexity -MMD -MP -MF"Drivers/STM32F7xx_HAL_Driver/Src/stm32f7xx_hal_uart.d" -MT"Drivers/STM32F7xx_HAL_Driver/Src/stm32f7xx_hal_uart.o" --specs=nano.specs -mfpu=fpv5-sp-d16 -mfloat-abi=hard -mthumb -o "Drivers/STM32F7xx_HAL_Driver/Src/stm32f7xx_hal_uart.o"
arm-none-eabi-gcc "../Drivers/STM32F7xx_HAL_Driver/Src/stm32f7xx_hal_uart_ex.c" -mcpu=cortex-m7 -std=gnu18 -g3 -DDEBUG -DUSE_HAL_DRIVER -DSTM32F732xx -c -I../Core/Inc -I../Drivers/STM32F7xx_HAL_Driver/Inc -I../Drivers/STM32F7xx_HAL_Driver/Inc/Legacy -I../Drivers/CMSIS/Device/ST/STM32F7xx/Include -I../Drivers/CMSIS/Include -I"D:/GitLocal/STM32CubeIDE/PFLIGHT_26/Core/StateManager" -I"D:/GitLocal/STM32CubeIDE/PFLIGHT_26/Core/Lib" -I"D:/GitLocal/STM32CubeIDE/PFLIGHT_26/Core/Lib/STM32_BMM350/BMM350_SensorAPI" -I"D:/GitLocal/STM32CubeIDE/PFLIGHT_26/Core/Lib/STM32_BMM350/BMM350_SensorAPI/examples/common" -I"D:/GitLocal/STM32CubeIDE/PFLIGHT_26/Core/Lib/SBUS" -I"D:/GitLocal/STM32CubeIDE/PFLIGHT_26/Core/Lib/SBUS/ringBuffer" -I"D:/GitLocal/STM32CubeIDE/PFLIGHT_26/Core/Lib/STM32_Motor-Servo_Driver" -I"D:/GitLocal/STM32CubeIDE/PFLIGHT_26/Core/Lib/Altitude_estimation" -I"D:/GitLocal/STM32CubeIDE/PFLIGHT_26/Core/Lib/Altitude_estimation/KalmanFilter" -I"D:/GitLocal/STM32CubeIDE/PFLIGHT_26/Core" -I"D:/GitLocal/STM32CubeIDE/PFLIGHT_26/Core/Utility/ManeuverSequencer" -O0 -ffunction-sections -fdata-sections -Wall -fstack-usage -fcyclomatic-complexity -MMD -MP -MF"Drivers/STM32F7xx_HAL_Driver/Src/stm32f7xx_hal_uart_ex.d" -MT"Drivers/STM32F7xx_HAL_Driver/Src/stm32f7xx_hal_uart_ex.o" --specs=nano.specs -mfpu=fpv5-sp-d16 -mfloat-abi=hard -mthumb -o "Drivers/STM32F7xx_HAL_Driver/Src/stm32f7xx_hal_uart_ex.o"
arm-none-eabi-g++ "../Core/Utility/Sensors/SensorManager.cpp" -mcpu=cortex-m7 -std=gnu++20 -g3 -DDEBUG -DUSE_HAL_DRIVER -DSTM32F732xx -c -I../Core/Inc -I../Drivers/STM32F7xx_HAL_Driver/Inc -I../Drivers/STM32F7xx_HAL_Driver/Inc/Legacy -I../Drivers/CMSIS/Device/ST/STM32F7xx/Include -I../Drivers/CMSIS/Include -I"D:/GitLocal/STM32CubeIDE/PFLIGHT_26/Core/StateManager" -I"D:/GitLocal/STM32CubeIDE/PFLIGHT_26/Core/Lib" -I"D:/GitLocal/STM32CubeIDE/PFLIGHT_26/Core/Lib/STM32_BMM350/BMM350_SensorAPI" -I"D:/GitLocal/STM32CubeIDE/PFLIGHT_26/Core/Lib/STM32_BMM350/BMM350_SensorAPI/examples/common" -I"D:/GitLocal/STM32CubeIDE/PFLIGHT_26/Core/Lib/SBUS" -I"D:/GitLocal/STM32CubeIDE/PFLIGHT_26/Core/Lib/SBUS/ringBuffer" -I"D:/GitLocal/STM32CubeIDE/PFLIGHT_26/Core/Lib/STM32_Motor-Servo_Driver" -I"D:/GitLocal/STM32CubeIDE/PFLIGHT_26/Core/Lib/Altitude_estimation" -I"D:/GitLocal/STM32CubeIDE/PFLIGHT_26/Core/Lib/Altitude_estimation/KalmanFilter" -I"D:/GitLocal/STM32CubeIDE/PFLIGHT_26/Core" -I"D:/GitLocal/STM32CubeIDE/PFLIGHT_26/Core/Utility/ManeuverSequencer" -O0 -ffunction-sections -fdata-sections -fno-exceptions -fno-rtti -fno-use-cxa-atexit -Wall -fstack-usage -fcyclomatic-complexity -MMD -MP -MF"Core/Utility/Sensors/SensorManager.d" -MT"Core/Utility/Sensors/SensorManager.o" --specs=nano.specs -mfpu=fpv5-sp-d16 -mfloat-abi=hard -mthumb -o "Core/Utility/Sensors/SensorManager.o"
arm-none-eabi-g++ "../Core/Utility/Motor_Servo/Pwm.cpp" -mcpu=cortex-m7 -std=gnu++20 -g3 -DDEBUG -DUSE_HAL_DRIVER -DSTM32F732xx -c -I../Core/Inc -I../Drivers/STM32F7xx_HAL_Driver/Inc -I../Drivers/STM32F7xx_HAL_Driver/Inc/Legacy -I../Drivers/CMSIS/Device/ST/STM32F7xx/Include -I../Drivers/CMSIS/Include -I"D:/GitLocal/STM32CubeIDE/PFLIGHT_26/Core/StateManager" -I"D:/GitLocal/STM32CubeIDE/PFLIGHT_26/Core/Lib" -I"D:/GitLocal/STM32CubeIDE/PFLIGHT_26/Core/Lib/STM32_BMM350/BMM350_SensorAPI" -I"D:/GitLocal/STM32CubeIDE/PFLIGHT_26/Core/Lib/STM32_BMM350/BMM350_SensorAPI/examples/common" -I"D:/GitLocal/STM32CubeIDE/PFLIGHT_26/Core/Lib/SBUS" -I"D:/GitLocal/STM32CubeIDE/PFLIGHT_26/Core/Lib/SBUS/ringBuffer" -I"D:/GitLocal/STM32CubeIDE/PFLIGHT_26/Core/Lib/STM32_Motor-Servo_Driver" -I"D:/GitLocal/STM32CubeIDE/PFLIGHT_26/Core/Lib/Altitude_estimation" -I"D:/GitLocal/STM32CubeIDE/PFLIGHT_26/Core/Lib/Altitude_estimation/KalmanFilter" -I"D:/GitLocal/STM32CubeIDE/PFLIGHT_26/Core" -I"D:/GitLocal/STM32CubeIDE/PFLIGHT_26/Core/Utility/ManeuverSequencer" -O0 -ffunction-sections -fdata-sections -fno-exceptions -fno-rtti -fno-use-cxa-atexit -Wall -fstack-usage -fcyclomatic-complexity -MMD -MP -MF"Core/Utility/Motor_Servo/Pwm.d" -MT"Core/Utility/Motor_Servo/Pwm.o" --specs=nano.specs -mfpu=fpv5-sp-d16 -mfloat-abi=hard -mthumb -o "Core/Utility/Motor_Servo/Pwm.o"
arm-none-eabi-g++ "../Core/Utility/ManeuverSequencer/Missions/mission_level_flight.cpp" -mcpu=cortex-m7 -std=gnu++20 -g3 -DDEBUG -DUSE_HAL_DRIVER -DSTM32F732xx -c -I../Core/Inc -I../Drivers/STM32F7xx_HAL_Driver/Inc -I../Drivers/STM32F7xx_HAL_Driver/Inc/Legacy -I../Drivers/CMSIS/Device/ST/STM32F7xx/Include -I../Drivers/CMSIS/Include -I"D:/GitLocal/STM32CubeIDE/PFLIGHT_26/Core/StateManager" -I"D:/GitLocal/STM32CubeIDE/PFLIGHT_26/Core/Lib" -I"D:/GitLocal/STM32CubeIDE/PFLIGHT_26/Core/Lib/STM32_BMM350/BMM350_SensorAPI" -I"D:/GitLocal/STM32CubeIDE/PFLIGHT_26/Core/Lib/STM32_BMM350/BMM350_SensorAPI/examples/common" -I"D:/GitLocal/STM32CubeIDE/PFLIGHT_26/Core/Lib/SBUS" -I"D:/GitLocal/STM32CubeIDE/PFLIGHT_26/Core/Lib/SBUS/ringBuffer" -I"D:/GitLocal/STM32CubeIDE/PFLIGHT_26/Core/Lib/STM32_Motor-Servo_Driver" -I"D:/GitLocal/STM32CubeIDE/PFLIGHT_26/Core/Lib/Altitude_estimation" -I"D:/GitLocal/STM32CubeIDE/PFLIGHT_26/Core/Lib/Altitude_estimation/KalmanFilter" -I"D:/GitLocal/STM32CubeIDE/PFLIGHT_26/Core" -I"D:/GitLocal/STM32CubeIDE/PFLIGHT_26/Core/Utility/ManeuverSequencer" -O0 -ffunction-sections -fdata-sections -fno-exceptions -fno-rtti -fno-use-cxa-atexit -Wall -fstack-usage -fcyclomatic-complexity -MMD -MP -MF"Core/Utility/ManeuverSequencer/Missions/mission_level_flight.d" -MT"Core/Utility/ManeuverSequencer/Missions/mission_level_flight.o" --specs=nano.specs -mfpu=fpv5-sp-d16 -mfloat-abi=hard -mthumb -o "Core/Utility/ManeuverSequencer/Missions/mission_level_flight.o"
arm-none-eabi-g++ "../Core/Utility/ManeuverSequencer/Missions/mission_test.cpp" -mcpu=cortex-m7 -std=gnu++20 -g3 -DDEBUG -DUSE_HAL_DRIVER -DSTM32F732xx -c -I../Core/Inc -I../Drivers/STM32F7xx_HAL_Driver/Inc -I../Drivers/STM32F7xx_HAL_Driver/Inc/Legacy -I../Drivers/CMSIS/Device/ST/STM32F7xx/Include -I../Drivers/CMSIS/Include -I"D:/GitLocal/STM32CubeIDE/PFLIGHT_26/Core/StateManager" -I"D:/GitLocal/STM32CubeIDE/PFLIGHT_26/Core/Lib" -I"D:/GitLocal/STM32CubeIDE/PFLIGHT_26/Core/Lib/STM32_BMM350/BMM350_SensorAPI" -I"D:/GitLocal/STM32CubeIDE/PFLIGHT_26/Core/Lib/STM32_BMM350/BMM350_SensorAPI/examples/common" -I"D:/GitLocal/STM32CubeIDE/PFLIGHT_26/Core/Lib/SBUS" -I"D:/GitLocal/STM32CubeIDE/PFLIGHT_26/Core/Lib/SBUS/ringBuffer" -I"D:/GitLocal/STM32CubeIDE/PFLIGHT_26/Core/Lib/STM32_Motor-Servo_Driver" -I"D:/GitLocal/STM32CubeIDE/PFLIGHT_26/Core/Lib/Altitude_estimation" -I"D:/GitLocal/STM32CubeIDE/PFLIGHT_26/Core/Lib/Altitude_estimation/KalmanFilter" -I"D:/GitLocal/STM32CubeIDE/PFLIGHT_26/Core" -I"D:/GitLocal/STM32CubeIDE/PFLIGHT_26/Core/Utility/ManeuverSequencer" -O0 -ffunction-sections -fdata-sections -fno-exceptions -fno-rtti -fno-use-cxa-atexit -Wall -fstack-usage -fcyclomatic-complexity -MMD -MP -MF"Core/Utility/ManeuverSequencer/Missions/mission_test.d" -MT"Core/Utility/ManeuverSequencer/Missions/mission_test.o" --specs=nano.specs -mfpu=fpv5-sp-d16 -mfloat-abi=hard -mthumb -o "Core/Utility/ManeuverSequencer/Missions/mission_test.o"
arm-none-eabi-g++ "../Core/Utility/ManeuverSequencer/maneuver_sequencer.cpp" -mcpu=cortex-m7 -std=gnu++20 -g3 -DDEBUG -DUSE_HAL_DRIVER -DSTM32F732xx -c -I../Core/Inc -I../Drivers/STM32F7xx_HAL_Driver/Inc -I../Drivers/STM32F7xx_HAL_Driver/Inc/Legacy -I../Drivers/CMSIS/Device/ST/STM32F7xx/Include -I../Drivers/CMSIS/Include -I"D:/GitLocal/STM32CubeIDE/PFLIGHT_26/Core/StateManager" -I"D:/GitLocal/STM32CubeIDE/PFLIGHT_26/Core/Lib" -I"D:/GitLocal/STM32CubeIDE/PFLIGHT_26/Core/Lib/STM32_BMM350/BMM350_SensorAPI" -I"D:/GitLocal/STM32CubeIDE/PFLIGHT_26/Core/Lib/STM32_BMM350/BMM350_SensorAPI/examples/common" -I"D:/GitLocal/STM32CubeIDE/PFLIGHT_26/Core/Lib/SBUS" -I"D:/GitLocal/STM32CubeIDE/PFLIGHT_26/Core/Lib/SBUS/ringBuffer" -I"D:/GitLocal/STM32CubeIDE/PFLIGHT_26/Core/Lib/STM32_Motor-Servo_Driver" -I"D:/GitLocal/STM32CubeIDE/PFLIGHT_26/Core/Lib/Altitude_estimation" -I"D:/GitLocal/STM32CubeIDE/PFLIGHT_26/Core/Lib/Altitude_estimation/KalmanFilter" -I"D:/GitLocal/STM32CubeIDE/PFLIGHT_26/Core" -I"D:/GitLocal/STM32CubeIDE/PFLIGHT_26/Core/Utility/ManeuverSequencer" -O0 -ffunction-sections -fdata-sections -fno-exceptions -fno-rtti -fno-use-cxa-atexit -Wall -fstack-usage -fcyclomatic-complexity -MMD -MP -MF"Core/Utility/ManeuverSequencer/maneuver_sequencer.d" -MT"Core/Utility/ManeuverSequencer/maneuver_sequencer.o" --specs=nano.specs -mfpu=fpv5-sp-d16 -mfloat-abi=hard -mthumb -o "Core/Utility/ManeuverSequencer/maneuver_sequencer.o"
arm-none-eabi-g++ "../Core/StateManager/States/PreFlightStateBase/calibration_state.cpp" -mcpu=cortex-m7 -std=gnu++20 -g3 -DDEBUG -DUSE_HAL_DRIVER -DSTM32F732xx -c -I../Core/Inc -I../Drivers/STM32F7xx_HAL_Driver/Inc -I../Drivers/STM32F7xx_HAL_Driver/Inc/Legacy -I../Drivers/CMSIS/Device/ST/STM32F7xx/Include -I../Drivers/CMSIS/Include -I"D:/GitLocal/STM32CubeIDE/PFLIGHT_26/Core/StateManager" -I"D:/GitLocal/STM32CubeIDE/PFLIGHT_26/Core/Lib" -I"D:/GitLocal/STM32CubeIDE/PFLIGHT_26/Core/Lib/STM32_BMM350/BMM350_SensorAPI" -I"D:/GitLocal/STM32CubeIDE/PFLIGHT_26/Core/Lib/STM32_BMM350/BMM350_SensorAPI/examples/common" -I"D:/GitLocal/STM32CubeIDE/PFLIGHT_26/Core/Lib/SBUS" -I"D:/GitLocal/STM32CubeIDE/PFLIGHT_26/Core/Lib/SBUS/ringBuffer" -I"D:/GitLocal/STM32CubeIDE/PFLIGHT_26/Core/Lib/STM32_Motor-Servo_Driver" -I"D:/GitLocal/STM32CubeIDE/PFLIGHT_26/Core/Lib/Altitude_estimation" -I"D:/GitLocal/STM32CubeIDE/PFLIGHT_26/Core/Lib/Altitude_estimation/KalmanFilter" -I"D:/GitLocal/STM32CubeIDE/PFLIGHT_26/Core" -I"D:/GitLocal/STM32CubeIDE/PFLIGHT_26/Core/Utility/ManeuverSequencer" -O0 -ffunction-sections -fdata-sections -fno-exceptions -fno-rtti -fno-use-cxa-atexit -Wall -fstack-usage -fcyclomatic-complexity -MMD -MP -MF"Core/StateManager/States/PreFlightStateBase/calibration_state.d" -MT"Core/StateManager/States/PreFlightStateBase/calibration_state.o" --specs=nano.specs -mfpu=fpv5-sp-d16 -mfloat-abi=hard -mthumb -o "Core/StateManager/States/PreFlightStateBase/calibration_state.o"
arm-none-eabi-g++ "../Core/StateManager/States/PreFlightStateBase/pre_flight_state.cpp" -mcpu=cortex-m7 -std=gnu++20 -g3 -DDEBUG -DUSE_HAL_DRIVER -DSTM32F732xx -c -I../Core/Inc -I../Drivers/STM32F7xx_HAL_Driver/Inc -I../Drivers/STM32F7xx_HAL_Driver/Inc/Legacy -I../Drivers/CMSIS/Device/ST/STM32F7xx/Include -I../Drivers/CMSIS/Include -I"D:/GitLocal/STM32CubeIDE/PFLIGHT_26/Core/StateManager" -I"D:/GitLocal/STM32CubeIDE/PFLIGHT_26/Core/Lib" -I"D:/GitLocal/STM32CubeIDE/PFLIGHT_26/Core/Lib/STM32_BMM350/BMM350_SensorAPI" -I"D:/GitLocal/STM32CubeIDE/PFLIGHT_26/Core/Lib/STM32_BMM350/BMM350_SensorAPI/examples/common" -I"D:/GitLocal/STM32CubeIDE/PFLIGHT_26/Core/Lib/SBUS" -I"D:/GitLocal/STM32CubeIDE/PFLIGHT_26/Core/Lib/SBUS/ringBuffer" -I"D:/GitLocal/STM32CubeIDE/PFLIGHT_26/Core/Lib/STM32_Motor-Servo_Driver" -I"D:/GitLocal/STM32CubeIDE/PFLIGHT_26/Core/Lib/Altitude_estimation" -I"D:/GitLocal/STM32CubeIDE/PFLIGHT_26/Core/Lib/Altitude_estimation/KalmanFilter" -I"D:/GitLocal/STM32CubeIDE/PFLIGHT_26/Core" -I"D:/GitLocal/STM32CubeIDE/PFLIGHT_26/Core/Utility/ManeuverSequencer" -O0 -ffunction-sections -fdata-sections -fno-exceptions -fno-rtti -fno-use-cxa-atexit -Wall -fstack-usage -fcyclomatic-complexity -MMD -MP -MF"Core/StateManager/States/PreFlightStateBase/pre_flight_state.d" -MT"Core/StateManager/States/PreFlightStateBase/pre_flight_state.o" --specs=nano.specs -mfpu=fpv5-sp-d16 -mfloat-abi=hard -mthumb -o "Core/StateManager/States/PreFlightStateBase/pre_flight_state.o"
arm-none-eabi-g++ "../Core/StateManager/States/PreFlightStateBase/sensor_test_state.cpp" -mcpu=cortex-m7 -std=gnu++20 -g3 -DDEBUG -DUSE_HAL_DRIVER -DSTM32F732xx -c -I../Core/Inc -I../Drivers/STM32F7xx_HAL_Driver/Inc -I../Drivers/STM32F7xx_HAL_Driver/Inc/Legacy -I../Drivers/CMSIS/Device/ST/STM32F7xx/Include -I../Drivers/CMSIS/Include -I"D:/GitLocal/STM32CubeIDE/PFLIGHT_26/Core/StateManager" -I"D:/GitLocal/STM32CubeIDE/PFLIGHT_26/Core/Lib" -I"D:/GitLocal/STM32CubeIDE/PFLIGHT_26/Core/Lib/STM32_BMM350/BMM350_SensorAPI" -I"D:/GitLocal/STM32CubeIDE/PFLIGHT_26/Core/Lib/STM32_BMM350/BMM350_SensorAPI/examples/common" -I"D:/GitLocal/STM32CubeIDE/PFLIGHT_26/Core/Lib/SBUS" -I"D:/GitLocal/STM32CubeIDE/PFLIGHT_26/Core/Lib/SBUS/ringBuffer" -I"D:/GitLocal/STM32CubeIDE/PFLIGHT_26/Core/Lib/STM32_Motor-Servo_Driver" -I"D:/GitLocal/STM32CubeIDE/PFLIGHT_26/Core/Lib/Altitude_estimation" -I"D:/GitLocal/STM32CubeIDE/PFLIGHT_26/Core/Lib/Altitude_estimation/KalmanFilter" -I"D:/GitLocal/STM32CubeIDE/PFLIGHT_26/Core" -I"D:/GitLocal/STM32CubeIDE/PFLIGHT_26/Core/Utility/ManeuverSequencer" -O0 -ffunction-sections -fdata-sections -fno-exceptions -fno-rtti -fno-use-cxa-atexit -Wall -fstack-usage -fcyclomatic-complexity -MMD -MP -MF"Core/StateManager/States/PreFlightStateBase/sensor_test_state.d" -MT"Core/StateManager/States/PreFlightStateBase/sensor_test_state.o" --specs=nano.specs -mfpu=fpv5-sp-d16 -mfloat-abi=hard -mthumb -o "Core/StateManager/States/PreFlightStateBase/sensor_test_state.o"
arm-none-eabi-g++ "../Core/StateManager/States/PreFlightStateBase/servo_motor_test_state.cpp" -mcpu=cortex-m7 -std=gnu++20 -g3 -DDEBUG -DUSE_HAL_DRIVER -DSTM32F732xx -c -I../Core/Inc -I../Drivers/STM32F7xx_HAL_Driver/Inc -I../Drivers/STM32F7xx_HAL_Driver/Inc/Legacy -I../Drivers/CMSIS/Device/ST/STM32F7xx/Include -I../Drivers/CMSIS/Include -I"D:/GitLocal/STM32CubeIDE/PFLIGHT_26/Core/StateManager" -I"D:/GitLocal/STM32CubeIDE/PFLIGHT_26/Core/Lib" -I"D:/GitLocal/STM32CubeIDE/PFLIGHT_26/Core/Lib/STM32_BMM350/BMM350_SensorAPI" -I"D:/GitLocal/STM32CubeIDE/PFLIGHT_26/Core/Lib/STM32_BMM350/BMM350_SensorAPI/examples/common" -I"D:/GitLocal/STM32CubeIDE/PFLIGHT_26/Core/Lib/SBUS" -I"D:/GitLocal/STM32CubeIDE/PFLIGHT_26/Core/Lib/SBUS/ringBuffer" -I"D:/GitLocal/STM32CubeIDE/PFLIGHT_26/Core/Lib/STM32_Motor-Servo_Driver" -I"D:/GitLocal/STM32CubeIDE/PFLIGHT_26/Core/Lib/Altitude_estimation" -I"D:/GitLocal/STM32CubeIDE/PFLIGHT_26/Core/Lib/Altitude_estimation/KalmanFilter" -I"D:/GitLocal/STM32CubeIDE/PFLIGHT_26/Core" -I"D:/GitLocal/STM32CubeIDE/PFLIGHT_26/Core/Utility/ManeuverSequencer" -O0 -ffunction-sections -fdata-sections -fno-exceptions -fno-rtti -fno-use-cxa-atexit -Wall -fstack-usage -fcyclomatic-complexity -MMD -MP -MF"Core/StateManager/States/PreFlightStateBase/servo_motor_test_state.d" -MT"Core/StateManager/States/PreFlightStateBase/servo_motor_test_state.o" --specs=nano.specs -mfpu=fpv5-sp-d16 -mfloat-abi=hard -mthumb -o "Core/StateManager/States/PreFlightStateBase/servo_motor_test_state.o"
arm-none-eabi-g++ "../Core/StateManager/States/PostFlightStateBase/emergency_state.cpp" -mcpu=cortex-m7 -std=gnu++20 -g3 -DDEBUG -DUSE_HAL_DRIVER -DSTM32F732xx -c -I../Core/Inc -I../Drivers/STM32F7xx_HAL_Driver/Inc -I../Drivers/STM32F7xx_HAL_Driver/Inc/Legacy -I../Drivers/CMSIS/Device/ST/STM32F7xx/Include -I../Drivers/CMSIS/Include -I"D:/GitLocal/STM32CubeIDE/PFLIGHT_26/Core/StateManager" -I"D:/GitLocal/STM32CubeIDE/PFLIGHT_26/Core/Lib" -I"D:/GitLocal/STM32CubeIDE/PFLIGHT_26/Core/Lib/STM32_BMM350/BMM350_SensorAPI" -I"D:/GitLocal/STM32CubeIDE/PFLIGHT_26/Core/Lib/STM32_BMM350/BMM350_SensorAPI/examples/common" -I"D:/GitLocal/STM32CubeIDE/PFLIGHT_26/Core/Lib/SBUS" -I"D:/GitLocal/STM32CubeIDE/PFLIGHT_26/Core/Lib/SBUS/ringBuffer" -I"D:/GitLocal/STM32CubeIDE/PFLIGHT_26/Core/Lib/STM32_Motor-Servo_Driver" -I"D:/GitLocal/STM32CubeIDE/PFLIGHT_26/Core/Lib/Altitude_estimation" -I"D:/GitLocal/STM32CubeIDE/PFLIGHT_26/Core/Lib/Altitude_estimation/KalmanFilter" -I"D:/GitLocal/STM32CubeIDE/PFLIGHT_26/Core" -I"D:/GitLocal/STM32CubeIDE/PFLIGHT_26/Core/Utility/ManeuverSequencer" -O0 -ffunction-sections -fdata-sections -fno-exceptions -fno-rtti -fno-use-cxa-atexit -Wall -fstack-usage -fcyclomatic-complexity -MMD -MP -MF"Core/StateManager/States/PostFlightStateBase/emergency_state.d" -MT"Core/StateManager/States/PostFlightStateBase/emergency_state.o" --specs=nano.specs -mfpu=fpv5-sp-d16 -mfloat-abi=hard -mthumb -o "Core/StateManager/States/PostFlightStateBase/emergency_state.o"
arm-none-eabi-g++ "../Core/StateManager/States/PostFlightStateBase/post_flight_state.cpp" -mcpu=cortex-m7 -std=gnu++20 -g3 -DDEBUG -DUSE_HAL_DRIVER -DSTM32F732xx -c -I../Core/Inc -I../Drivers/STM32F7xx_HAL_Driver/Inc -I../Drivers/STM32F7xx_HAL_Driver/Inc/Legacy -I../Drivers/CMSIS/Device/ST/STM32F7xx/Include -I../Drivers/CMSIS/Include -I"D:/GitLocal/STM32CubeIDE/PFLIGHT_26/Core/StateManager" -I"D:/GitLocal/STM32CubeIDE/PFLIGHT_26/Core/Lib" -I"D:/GitLocal/STM32CubeIDE/PFLIGHT_26/Core/Lib/STM32_BMM350/BMM350_SensorAPI" -I"D:/GitLocal/STM32CubeIDE/PFLIGHT_26/Core/Lib/STM32_BMM350/BMM350_SensorAPI/examples/common" -I"D:/GitLocal/STM32CubeIDE/PFLIGHT_26/Core/Lib/SBUS" -I"D:/GitLocal/STM32CubeIDE/PFLIGHT_26/Core/Lib/SBUS/ringBuffer" -I"D:/GitLocal/STM32CubeIDE/PFLIGHT_26/Core/Lib/STM32_Motor-Servo_Driver" -I"D:/GitLocal/STM32CubeIDE/PFLIGHT_26/Core/Lib/Altitude_estimation" -I"D:/GitLocal/STM32CubeIDE/PFLIGHT_26/Core/Lib/Altitude_estimation/KalmanFilter" -I"D:/GitLocal/STM32CubeIDE/PFLIGHT_26/Core" -I"D:/GitLocal/STM32CubeIDE/PFLIGHT_26/Core/Utility/ManeuverSequencer" -O0 -ffunction-sections -fdata-sections -fno-exceptions -fno-rtti -fno-use-cxa-atexit -Wall -fstack-usage -fcyclomatic-complexity -MMD -MP -MF"Core/StateManager/States/PostFlightStateBase/post_flight_state.d" -MT"Core/StateManager/States/PostFlightStateBase/post_flight_state.o" --specs=nano.specs -mfpu=fpv5-sp-d16 -mfloat-abi=hard -mthumb -o "Core/StateManager/States/PostFlightStateBase/post_flight_state.o"
arm-none-eabi-g++ "../Core/StateManager/States/ManualFlightStateBase/climbing_turn_state.cpp" -mcpu=cortex-m7 -std=gnu++20 -g3 -DDEBUG -DUSE_HAL_DRIVER -DSTM32F732xx -c -I../Core/Inc -I../Drivers/STM32F7xx_HAL_Driver/Inc -I../Drivers/STM32F7xx_HAL_Driver/Inc/Legacy -I../Drivers/CMSIS/Device/ST/STM32F7xx/Include -I../Drivers/CMSIS/Include -I"D:/GitLocal/STM32CubeIDE/PFLIGHT_26/Core/StateManager" -I"D:/GitLocal/STM32CubeIDE/PFLIGHT_26/Core/Lib" -I"D:/GitLocal/STM32CubeIDE/PFLIGHT_26/Core/Lib/STM32_BMM350/BMM350_SensorAPI" -I"D:/GitLocal/STM32CubeIDE/PFLIGHT_26/Core/Lib/STM32_BMM350/BMM350_SensorAPI/examples/common" -I"D:/GitLocal/STM32CubeIDE/PFLIGHT_26/Core/Lib/SBUS" -I"D:/GitLocal/STM32CubeIDE/PFLIGHT_26/Core/Lib/SBUS/ringBuffer" -I"D:/GitLocal/STM32CubeIDE/PFLIGHT_26/Core/Lib/STM32_Motor-Servo_Driver" -I"D:/GitLocal/STM32CubeIDE/PFLIGHT_26/Core/Lib/Altitude_estimation" -I"D:/GitLocal/STM32CubeIDE/PFLIGHT_26/Core/Lib/Altitude_estimation/KalmanFilter" -I"D:/GitLocal/STM32CubeIDE/PFLIGHT_26/Core" -I"D:/GitLocal/STM32CubeIDE/PFLIGHT_26/Core/Utility/ManeuverSequencer" -O0 -ffunction-sections -fdata-sections -fno-exceptions -fno-rtti -fno-use-cxa-atexit -Wall -fstack-usage -fcyclomatic-complexity -MMD -MP -MF"Core/StateManager/States/ManualFlightStateBase/climbing_turn_state.d" -MT"Core/StateManager/States/ManualFlightStateBase/climbing_turn_state.o" --specs=nano.specs -mfpu=fpv5-sp-d16 -mfloat-abi=hard -mthumb -o "Core/StateManager/States/ManualFlightStateBase/climbing_turn_state.o"
arm-none-eabi-g++ "../Core/StateManager/States/ManualFlightStateBase/fugue_eight_state.cpp" -mcpu=cortex-m7 -std=gnu++20 -g3 -DDEBUG -DUSE_HAL_DRIVER -DSTM32F732xx -c -I../Core/Inc -I../Drivers/STM32F7xx_HAL_Driver/Inc -I../Drivers/STM32F7xx_HAL_Driver/Inc/Legacy -I../Drivers/CMSIS/Device/ST/STM32F7xx/Include -I../Drivers/CMSIS/Include -I"D:/GitLocal/STM32CubeIDE/PFLIGHT_26/Core/StateManager" -I"D:/GitLocal/STM32CubeIDE/PFLIGHT_26/Core/Lib" -I"D:/GitLocal/STM32CubeIDE/PFLIGHT_26/Core/Lib/STM32_BMM350/BMM350_SensorAPI" -I"D:/GitLocal/STM32CubeIDE/PFLIGHT_26/Core/Lib/STM32_BMM350/BMM350_SensorAPI/examples/common" -I"D:/GitLocal/STM32CubeIDE/PFLIGHT_26/Core/Lib/SBUS" -I"D:/GitLocal/STM32CubeIDE/PFLIGHT_26/Core/Lib/SBUS/ringBuffer" -I"D:/GitLocal/STM32CubeIDE/PFLIGHT_26/Core/Lib/STM32_Motor-Servo_Driver" -I"D:/GitLocal/STM32CubeIDE/PFLIGHT_26/Core/Lib/Altitude_estimation" -I"D:/GitLocal/STM32CubeIDE/PFLIGHT_26/Core/Lib/Altitude_estimation/KalmanFilter" -I"D:/GitLocal/STM32CubeIDE/PFLIGHT_26/Core" -I"D:/GitLocal/STM32CubeIDE/PFLIGHT_26/Core/Utility/ManeuverSequencer" -O0 -ffunction-sections -fdata-sections -fno-exceptions -fno-rtti -fno-use-cxa-atexit -Wall -fstack-usage -fcyclomatic-complexity -MMD -MP -MF"Core/StateManager/States/ManualFlightStateBase/fugue_eight_state.d" -MT"Core/StateManager/States/ManualFlightStateBase/fugue_eight_state.o" --specs=nano.specs -mfpu=fpv5-sp-d16 -mfloat-abi=hard -mthumb -o "Core/StateManager/States/ManualFlightStateBase/fugue_eight_state.o"
arm-none-eabi-g++ "../Core/StateManager/States/ManualFlightStateBase/level_flight_state.cpp" -mcpu=cortex-m7 -std=gnu++20 -g3 -DDEBUG -DUSE_HAL_DRIVER -DSTM32F732xx -c -I../Core/Inc -I../Drivers/STM32F7xx_HAL_Driver/Inc -I../Drivers/STM32F7xx_HAL_Driver/Inc/Legacy -I../Drivers/CMSIS/Device/ST/STM32F7xx/Include -I../Drivers/CMSIS/Include -I"D:/GitLocal/STM32CubeIDE/PFLIGHT_26/Core/StateManager" -I"D:/GitLocal/STM32CubeIDE/PFLIGHT_26/Core/Lib" -I"D:/GitLocal/STM32CubeIDE/PFLIGHT_26/Core/Lib/STM32_BMM350/BMM350_SensorAPI" -I"D:/GitLocal/STM32CubeIDE/PFLIGHT_26/Core/Lib/STM32_BMM350/BMM350_SensorAPI/examples/common" -I"D:/GitLocal/STM32CubeIDE/PFLIGHT_26/Core/Lib/SBUS" -I"D:/GitLocal/STM32CubeIDE/PFLIGHT_26/Core/Lib/SBUS/ringBuffer" -I"D:/GitLocal/STM32CubeIDE/PFLIGHT_26/Core/Lib/STM32_Motor-Servo_Driver" -I"D:/GitLocal/STM32CubeIDE/PFLIGHT_26/Core/Lib/Altitude_estimation" -I"D:/GitLocal/STM32CubeIDE/PFLIGHT_26/Core/Lib/Altitude_estimation/KalmanFilter" -I"D:/GitLocal/STM32CubeIDE/PFLIGHT_26/Core" -I"D:/GitLocal/STM32CubeIDE/PFLIGHT_26/Core/Utility/ManeuverSequencer" -O0 -ffunction-sections -fdata-sections -fno-exceptions -fno-rtti -fno-use-cxa-atexit -Wall -fstack-usage -fcyclomatic-complexity -MMD -MP -MF"Core/StateManager/States/ManualFlightStateBase/level_flight_state.d" -MT"Core/StateManager/States/ManualFlightStateBase/level_flight_state.o" --specs=nano.specs -mfpu=fpv5-sp-d16 -mfloat-abi=hard -mthumb -o "Core/StateManager/States/ManualFlightStateBase/level_flight_state.o"
arm-none-eabi-g++ "../Core/StateManager/States/ManualFlightStateBase/level_turn_state.cpp" -mcpu=cortex-m7 -std=gnu++20 -g3 -DDEBUG -DUSE_HAL_DRIVER -DSTM32F732xx -c -I../Core/Inc -I../Drivers/STM32F7xx_HAL_Driver/Inc -I../Drivers/STM32F7xx_HAL_Driver/Inc/Legacy -I../Drivers/CMSIS/Device/ST/STM32F7xx/Include -I../Drivers/CMSIS/Include -I"D:/GitLocal/STM32CubeIDE/PFLIGHT_26/Core/StateManager" -I"D:/GitLocal/STM32CubeIDE/PFLIGHT_26/Core/Lib" -I"D:/GitLocal/STM32CubeIDE/PFLIGHT_26/Core/Lib/STM32_BMM350/BMM350_SensorAPI" -I"D:/GitLocal/STM32CubeIDE/PFLIGHT_26/Core/Lib/STM32_BMM350/BMM350_SensorAPI/examples/common" -I"D:/GitLocal/STM32CubeIDE/PFLIGHT_26/Core/Lib/SBUS" -I"D:/GitLocal/STM32CubeIDE/PFLIGHT_26/Core/Lib/SBUS/ringBuffer" -I"D:/GitLocal/STM32CubeIDE/PFLIGHT_26/Core/Lib/STM32_Motor-Servo_Driver" -I"D:/GitLocal/STM32CubeIDE/PFLIGHT_26/Core/Lib/Altitude_estimation" -I"D:/GitLocal/STM32CubeIDE/PFLIGHT_26/Core/Lib/Altitude_estimation/KalmanFilter" -I"D:/GitLocal/STM32CubeIDE/PFLIGHT_26/Core" -I"D:/GitLocal/STM32CubeIDE/PFLIGHT_26/Core/Utility/ManeuverSequencer" -O0 -ffunction-sections -fdata-sections -fno-exceptions -fno-rtti -fno-use-cxa-atexit -Wall -fstack-usage -fcyclomatic-complexity -MMD -MP -MF"Core/StateManager/States/ManualFlightStateBase/level_turn_state.d" -MT"Core/StateManager/States/ManualFlightStateBase/level_turn_state.o" --specs=nano.specs -mfpu=fpv5-sp-d16 -mfloat-abi=hard -mthumb -o "Core/StateManager/States/ManualFlightStateBase/level_turn_state.o"
arm-none-eabi-g++ "../Core/StateManager/States/ManualFlightStateBase/manual_flight_state.cpp" -mcpu=cortex-m7 -std=gnu++20 -g3 -DDEBUG -DUSE_HAL_DRIVER -DSTM32F732xx -c -I../Core/Inc -I../Drivers/STM32F7xx_HAL_Driver/Inc -I../Drivers/STM32F7xx_HAL_Driver/Inc/Legacy -I../Drivers/CMSIS/Device/ST/STM32F7xx/Include -I../Drivers/CMSIS/Include -I"D:/GitLocal/STM32CubeIDE/PFLIGHT_26/Core/StateManager" -I"D:/GitLocal/STM32CubeIDE/PFLIGHT_26/Core/Lib" -I"D:/GitLocal/STM32CubeIDE/PFLIGHT_26/Core/Lib/STM32_BMM350/BMM350_SensorAPI" -I"D:/GitLocal/STM32CubeIDE/PFLIGHT_26/Core/Lib/STM32_BMM350/BMM350_SensorAPI/examples/common" -I"D:/GitLocal/STM32CubeIDE/PFLIGHT_26/Core/Lib/SBUS" -I"D:/GitLocal/STM32CubeIDE/PFLIGHT_26/Core/Lib/SBUS/ringBuffer" -I"D:/GitLocal/STM32CubeIDE/PFLIGHT_26/Core/Lib/STM32_Motor-Servo_Driver" -I"D:/GitLocal/STM32CubeIDE/PFLIGHT_26/Core/Lib/Altitude_estimation" -I"D:/GitLocal/STM32CubeIDE/PFLIGHT_26/Core/Lib/Altitude_estimation/KalmanFilter" -I"D:/GitLocal/STM32CubeIDE/PFLIGHT_26/Core" -I"D:/GitLocal/STM32CubeIDE/PFLIGHT_26/Core/Utility/ManeuverSequencer" -O0 -ffunction-sections -fdata-sections -fno-exceptions -fno-rtti -fno-use-cxa-atexit -Wall -fstack-usage -fcyclomatic-complexity -MMD -MP -MF"Core/StateManager/States/ManualFlightStateBase/manual_flight_state.d" -MT"Core/StateManager/States/ManualFlightStateBase/manual_flight_state.o" --specs=nano.specs -mfpu=fpv5-sp-d16 -mfloat-abi=hard -mthumb -o "Core/StateManager/States/ManualFlightStateBase/manual_flight_state.o"
arm-none-eabi-g++ "../Core/StateManager/States/InitStateBase/init_state.cpp" -mcpu=cortex-m7 -std=gnu++20 -g3 -DDEBUG -DUSE_HAL_DRIVER -DSTM32F732xx -c -I../Core/Inc -I../Drivers/STM32F7xx_HAL_Driver/Inc -I../Drivers/STM32F7xx_HAL_Driver/Inc/Legacy -I../Drivers/CMSIS/Device/ST/STM32F7xx/Include -I../Drivers/CMSIS/Include -I"D:/GitLocal/STM32CubeIDE/PFLIGHT_26/Core/StateManager" -I"D:/GitLocal/STM32CubeIDE/PFLIGHT_26/Core/Lib" -I"D:/GitLocal/STM32CubeIDE/PFLIGHT_26/Core/Lib/STM32_BMM350/BMM350_SensorAPI" -I"D:/GitLocal/STM32CubeIDE/PFLIGHT_26/Core/Lib/STM32_BMM350/BMM350_SensorAPI/examples/common" -I"D:/GitLocal/STM32CubeIDE/PFLIGHT_26/Core/Lib/SBUS" -I"D:/GitLocal/STM32CubeIDE/PFLIGHT_26/Core/Lib/SBUS/ringBuffer" -I"D:/GitLocal/STM32CubeIDE/PFLIGHT_26/Core/Lib/STM32_Motor-Servo_Driver" -I"D:/GitLocal/STM32CubeIDE/PFLIGHT_26/Core/Lib/Altitude_estimation" -I"D:/GitLocal/STM32CubeIDE/PFLIGHT_26/Core/Lib/Altitude_estimation/KalmanFilter" -I"D:/GitLocal/STM32CubeIDE/PFLIGHT_26/Core" -I"D:/GitLocal/STM32CubeIDE/PFLIGHT_26/Core/Utility/ManeuverSequencer" -O0 -ffunction-sections -fdata-sections -fno-exceptions -fno-rtti -fno-use-cxa-atexit -Wall -fstack-usage -fcyclomatic-complexity -MMD -MP -MF"Core/StateManager/States/InitStateBase/init_state.d" -MT"Core/StateManager/States/InitStateBase/init_state.o" --specs=nano.specs -mfpu=fpv5-sp-d16 -mfloat-abi=hard -mthumb -o "Core/StateManager/States/InitStateBase/init_state.o"
arm-none-eabi-g++ "../Core/StateManager/States/AutoFlightStateBase/auto_flight_state.cpp" -mcpu=cortex-m7 -std=gnu++20 -g3 -DDEBUG -DUSE_HAL_DRIVER -DSTM32F732xx -c -I../Core/Inc -I../Drivers/STM32F7xx_HAL_Driver/Inc -I../Drivers/STM32F7xx_HAL_Driver/Inc/Legacy -I../Drivers/CMSIS/Device/ST/STM32F7xx/Include -I../Drivers/CMSIS/Include -I"D:/GitLocal/STM32CubeIDE/PFLIGHT_26/Core/StateManager" -I"D:/GitLocal/STM32CubeIDE/PFLIGHT_26/Core/Lib" -I"D:/GitLocal/STM32CubeIDE/PFLIGHT_26/Core/Lib/STM32_BMM350/BMM350_SensorAPI" -I"D:/GitLocal/STM32CubeIDE/PFLIGHT_26/Core/Lib/STM32_BMM350/BMM350_SensorAPI/examples/common" -I"D:/GitLocal/STM32CubeIDE/PFLIGHT_26/Core/Lib/SBUS" -I"D:/GitLocal/STM32CubeIDE/PFLIGHT_26/Core/Lib/SBUS/ringBuffer" -I"D:/GitLocal/STM32CubeIDE/PFLIGHT_26/Core/Lib/STM32_Motor-Servo_Driver" -I"D:/GitLocal/STM32CubeIDE/PFLIGHT_26/Core/Lib/Altitude_estimation" -I"D:/GitLocal/STM32CubeIDE/PFLIGHT_26/Core/Lib/Altitude_estimation/KalmanFilter" -I"D:/GitLocal/STM32CubeIDE/PFLIGHT_26/Core" -I"D:/GitLocal/STM32CubeIDE/PFLIGHT_26/Core/Utility/ManeuverSequencer" -O0 -ffunction-sections -fdata-sections -fno-exceptions -fno-rtti -fno-use-cxa-atexit -Wall -fstack-usage -fcyclomatic-complexity -MMD -MP -MF"Core/StateManager/States/AutoFlightStateBase/auto_flight_state.d" -MT"Core/StateManager/States/AutoFlightStateBase/auto_flight_state.o" --specs=nano.specs -mfpu=fpv5-sp-d16 -mfloat-abi=hard -mthumb -o "Core/StateManager/States/AutoFlightStateBase/auto_flight_state.o"
arm-none-eabi-g++ "../Core/StateManager/States/AutoFlightStateBase/auto_landing_state.cpp" -mcpu=cortex-m7 -std=gnu++20 -g3 -DDEBUG -DUSE_HAL_DRIVER -DSTM32F732xx -c -I../Core/Inc -I../Drivers/STM32F7xx_HAL_Driver/Inc -I../Drivers/STM32F7xx_HAL_Driver/Inc/Legacy -I../Drivers/CMSIS/Device/ST/STM32F7xx/Include -I../Drivers/CMSIS/Include -I"D:/GitLocal/STM32CubeIDE/PFLIGHT_26/Core/StateManager" -I"D:/GitLocal/STM32CubeIDE/PFLIGHT_26/Core/Lib" -I"D:/GitLocal/STM32CubeIDE/PFLIGHT_26/Core/Lib/STM32_BMM350/BMM350_SensorAPI" -I"D:/GitLocal/STM32CubeIDE/PFLIGHT_26/Core/Lib/STM32_BMM350/BMM350_SensorAPI/examples/common" -I"D:/GitLocal/STM32CubeIDE/PFLIGHT_26/Core/Lib/SBUS" -I"D:/GitLocal/STM32CubeIDE/PFLIGHT_26/Core/Lib/SBUS/ringBuffer" -I"D:/GitLocal/STM32CubeIDE/PFLIGHT_26/Core/Lib/STM32_Motor-Servo_Driver" -I"D:/GitLocal/STM32CubeIDE/PFLIGHT_26/Core/Lib/Altitude_estimation" -I"D:/GitLocal/STM32CubeIDE/PFLIGHT_26/Core/Lib/Altitude_estimation/KalmanFilter" -I"D:/GitLocal/STM32CubeIDE/PFLIGHT_26/Core" -I"D:/GitLocal/STM32CubeIDE/PFLIGHT_26/Core/Utility/ManeuverSequencer" -O0 -ffunction-sections -fdata-sections -fno-exceptions -fno-rtti -fno-use-cxa-atexit -Wall -fstack-usage -fcyclomatic-complexity -MMD -MP -MF"Core/StateManager/States/AutoFlightStateBase/auto_landing_state.d" -MT"Core/StateManager/States/AutoFlightStateBase/auto_landing_state.o" --specs=nano.specs -mfpu=fpv5-sp-d16 -mfloat-abi=hard -mthumb -o "Core/StateManager/States/AutoFlightStateBase/auto_landing_state.o"
arm-none-eabi-g++ "../Core/StateManager/States/AutoFlightStateBase/auto_takeoff_state.cpp" -mcpu=cortex-m7 -std=gnu++20 -g3 -DDEBUG -DUSE_HAL_DRIVER -DSTM32F732xx -c -I../Core/Inc -I../Drivers/STM32F7xx_HAL_Driver/Inc -I../Drivers/STM32F7xx_HAL_Driver/Inc/Legacy -I../Drivers/CMSIS/Device/ST/STM32F7xx/Include -I../Drivers/CMSIS/Include -I"D:/GitLocal/STM32CubeIDE/PFLIGHT_26/Core/StateManager" -I"D:/GitLocal/STM32CubeIDE/PFLIGHT_26/Core/Lib" -I"D:/GitLocal/STM32CubeIDE/PFLIGHT_26/Core/Lib/STM32_BMM350/BMM350_SensorAPI" -I"D:/GitLocal/STM32CubeIDE/PFLIGHT_26/Core/Lib/STM32_BMM350/BMM350_SensorAPI/examples/common" -I"D:/GitLocal/STM32CubeIDE/PFLIGHT_26/Core/Lib/SBUS" -I"D:/GitLocal/STM32CubeIDE/PFLIGHT_26/Core/Lib/SBUS/ringBuffer" -I"D:/GitLocal/STM32CubeIDE/PFLIGHT_26/Core/Lib/STM32_Motor-Servo_Driver" -I"D:/GitLocal/STM32CubeIDE/PFLIGHT_26/Core/Lib/Altitude_estimation" -I"D:/GitLocal/STM32CubeIDE/PFLIGHT_26/Core/Lib/Altitude_estimation/KalmanFilter" -I"D:/GitLocal/STM32CubeIDE/PFLIGHT_26/Core" -I"D:/GitLocal/STM32CubeIDE/PFLIGHT_26/Core/Utility/ManeuverSequencer" -O0 -ffunction-sections -fdata-sections -fno-exceptions -fno-rtti -fno-use-cxa-atexit -Wall -fstack-usage -fcyclomatic-complexity -MMD -MP -MF"Core/StateManager/States/AutoFlightStateBase/auto_takeoff_state.d" -MT"Core/StateManager/States/AutoFlightStateBase/auto_takeoff_state.o" --specs=nano.specs -mfpu=fpv5-sp-d16 -mfloat-abi=hard -mthumb -o "Core/StateManager/States/AutoFlightStateBase/auto_takeoff_state.o"
arm-none-eabi-g++ "../Core/StateManager/States/AutoFlightStateBase/pre_auto_flight_state.cpp" -mcpu=cortex-m7 -std=gnu++20 -g3 -DDEBUG -DUSE_HAL_DRIVER -DSTM32F732xx -c -I../Core/Inc -I../Drivers/STM32F7xx_HAL_Driver/Inc -I../Drivers/STM32F7xx_HAL_Driver/Inc/Legacy -I../Drivers/CMSIS/Device/ST/STM32F7xx/Include -I../Drivers/CMSIS/Include -I"D:/GitLocal/STM32CubeIDE/PFLIGHT_26/Core/StateManager" -I"D:/GitLocal/STM32CubeIDE/PFLIGHT_26/Core/Lib" -I"D:/GitLocal/STM32CubeIDE/PFLIGHT_26/Core/Lib/STM32_BMM350/BMM350_SensorAPI" -I"D:/GitLocal/STM32CubeIDE/PFLIGHT_26/Core/Lib/STM32_BMM350/BMM350_SensorAPI/examples/common" -I"D:/GitLocal/STM32CubeIDE/PFLIGHT_26/Core/Lib/SBUS" -I"D:/GitLocal/STM32CubeIDE/PFLIGHT_26/Core/Lib/SBUS/ringBuffer" -I"D:/GitLocal/STM32CubeIDE/PFLIGHT_26/Core/Lib/STM32_Motor-Servo_Driver" -I"D:/GitLocal/STM32CubeIDE/PFLIGHT_26/Core/Lib/Altitude_estimation" -I"D:/GitLocal/STM32CubeIDE/PFLIGHT_26/Core/Lib/Altitude_estimation/KalmanFilter" -I"D:/GitLocal/STM32CubeIDE/PFLIGHT_26/Core" -I"D:/GitLocal/STM32CubeIDE/PFLIGHT_26/Core/Utility/ManeuverSequencer" -O0 -ffunction-sections -fdata-sections -fno-exceptions -fno-rtti -fno-use-cxa-atexit -Wall -fstack-usage -fcyclomatic-complexity -MMD -MP -MF"Core/StateManager/States/AutoFlightStateBase/pre_auto_flight_state.d" -MT"Core/StateManager/States/AutoFlightStateBase/pre_auto_flight_state.o" --specs=nano.specs -mfpu=fpv5-sp-d16 -mfloat-abi=hard -mthumb -o "Core/StateManager/States/AutoFlightStateBase/pre_auto_flight_state.o"
arm-none-eabi-g++ "../Core/StateManager/StateManager/state_manager.cpp" -mcpu=cortex-m7 -std=gnu++20 -g3 -DDEBUG -DUSE_HAL_DRIVER -DSTM32F732xx -c -I../Core/Inc -I../Drivers/STM32F7xx_HAL_Driver/Inc -I../Drivers/STM32F7xx_HAL_Driver/Inc/Legacy -I../Drivers/CMSIS/Device/ST/STM32F7xx/Include -I../Drivers/CMSIS/Include -I"D:/GitLocal/STM32CubeIDE/PFLIGHT_26/Core/StateManager" -I"D:/GitLocal/STM32CubeIDE/PFLIGHT_26/Core/Lib" -I"D:/GitLocal/STM32CubeIDE/PFLIGHT_26/Core/Lib/STM32_BMM350/BMM350_SensorAPI" -I"D:/GitLocal/STM32CubeIDE/PFLIGHT_26/Core/Lib/STM32_BMM350/BMM350_SensorAPI/examples/common" -I"D:/GitLocal/STM32CubeIDE/PFLIGHT_26/Core/Lib/SBUS" -I"D:/GitLocal/STM32CubeIDE/PFLIGHT_26/Core/Lib/SBUS/ringBuffer" -I"D:/GitLocal/STM32CubeIDE/PFLIGHT_26/Core/Lib/STM32_Motor-Servo_Driver" -I"D:/GitLocal/STM32CubeIDE/PFLIGHT_26/Core/Lib/Altitude_estimation" -I"D:/GitLocal/STM32CubeIDE/PFLIGHT_26/Core/Lib/Altitude_estimation/KalmanFilter" -I"D:/GitLocal/STM32CubeIDE/PFLIGHT_26/Core" -I"D:/GitLocal/STM32CubeIDE/PFLIGHT_26/Core/Utility/ManeuverSequencer" -O0 -ffunction-sections -fdata-sections -fno-exceptions -fno-rtti -fno-use-cxa-atexit -Wall -fstack-usage -fcyclomatic-complexity -MMD -MP -MF"Core/StateManager/StateManager/state_manager.d" -MT"Core/StateManager/StateManager/state_manager.o" --specs=nano.specs -mfpu=fpv5-sp-d16 -mfloat-abi=hard -mthumb -o "Core/StateManager/StateManager/state_manager.o"
arm-none-eabi-g++ "../Core/StateManager/StateBase/auto_flight_state_base.cpp" -mcpu=cortex-m7 -std=gnu++20 -g3 -DDEBUG -DUSE_HAL_DRIVER -DSTM32F732xx -c -I../Core/Inc -I../Drivers/STM32F7xx_HAL_Driver/Inc -I../Drivers/STM32F7xx_HAL_Driver/Inc/Legacy -I../Drivers/CMSIS/Device/ST/STM32F7xx/Include -I../Drivers/CMSIS/Include -I"D:/GitLocal/STM32CubeIDE/PFLIGHT_26/Core/StateManager" -I"D:/GitLocal/STM32CubeIDE/PFLIGHT_26/Core/Lib" -I"D:/GitLocal/STM32CubeIDE/PFLIGHT_26/Core/Lib/STM32_BMM350/BMM350_SensorAPI" -I"D:/GitLocal/STM32CubeIDE/PFLIGHT_26/Core/Lib/STM32_BMM350/BMM350_SensorAPI/examples/common" -I"D:/GitLocal/STM32CubeIDE/PFLIGHT_26/Core/Lib/SBUS" -I"D:/GitLocal/STM32CubeIDE/PFLIGHT_26/Core/Lib/SBUS/ringBuffer" -I"D:/GitLocal/STM32CubeIDE/PFLIGHT_26/Core/Lib/STM32_Motor-Servo_Driver" -I"D:/GitLocal/STM32CubeIDE/PFLIGHT_26/Core/Lib/Altitude_estimation" -I"D:/GitLocal/STM32CubeIDE/PFLIGHT_26/Core/Lib/Altitude_estimation/KalmanFilter" -I"D:/GitLocal/STM32CubeIDE/PFLIGHT_26/Core" -I"D:/GitLocal/STM32CubeIDE/PFLIGHT_26/Core/Utility/ManeuverSequencer" -O0 -ffunction-sections -fdata-sections -fno-exceptions -fno-rtti -fno-use-cxa-atexit -Wall -fstack-usage -fcyclomatic-complexity -MMD -MP -MF"Core/StateManager/StateBase/auto_flight_state_base.d" -MT"Core/StateManager/StateBase/auto_flight_state_base.o" --specs=nano.specs -mfpu=fpv5-sp-d16 -mfloat-abi=hard -mthumb -o "Core/StateManager/StateBase/auto_flight_state_base.o"
arm-none-eabi-g++ "../Core/StateManager/StateBase/init_state_base.cpp" -mcpu=cortex-m7 -std=gnu++20 -g3 -DDEBUG -DUSE_HAL_DRIVER -DSTM32F732xx -c -I../Core/Inc -I../Drivers/STM32F7xx_HAL_Driver/Inc -I../Drivers/STM32F7xx_HAL_Driver/Inc/Legacy -I../Drivers/CMSIS/Device/ST/STM32F7xx/Include -I../Drivers/CMSIS/Include -I"D:/GitLocal/STM32CubeIDE/PFLIGHT_26/Core/StateManager" -I"D:/GitLocal/STM32CubeIDE/PFLIGHT_26/Core/Lib" -I"D:/GitLocal/STM32CubeIDE/PFLIGHT_26/Core/Lib/STM32_BMM350/BMM350_SensorAPI" -I"D:/GitLocal/STM32CubeIDE/PFLIGHT_26/Core/Lib/STM32_BMM350/BMM350_SensorAPI/examples/common" -I"D:/GitLocal/STM32CubeIDE/PFLIGHT_26/Core/Lib/SBUS" -I"D:/GitLocal/STM32CubeIDE/PFLIGHT_26/Core/Lib/SBUS/ringBuffer" -I"D:/GitLocal/STM32CubeIDE/PFLIGHT_26/Core/Lib/STM32_Motor-Servo_Driver" -I"D:/GitLocal/STM32CubeIDE/PFLIGHT_26/Core/Lib/Altitude_estimation" -I"D:/GitLocal/STM32CubeIDE/PFLIGHT_26/Core/Lib/Altitude_estimation/KalmanFilter" -I"D:/GitLocal/STM32CubeIDE/PFLIGHT_26/Core" -I"D:/GitLocal/STM32CubeIDE/PFLIGHT_26/Core/Utility/ManeuverSequencer" -O0 -ffunction-sections -fdata-sections -fno-exceptions -fno-rtti -fno-use-cxa-atexit -Wall -fstack-usage -fcyclomatic-complexity -MMD -MP -MF"Core/StateManager/StateBase/init_state_base.d" -MT"Core/StateManager/StateBase/init_state_base.o" --specs=nano.specs -mfpu=fpv5-sp-d16 -mfloat-abi=hard -mthumb -o "Core/StateManager/StateBase/init_state_base.o"
arm-none-eabi-g++ "../Core/StateManager/StateBase/manual_flight_state_base.cpp" -mcpu=cortex-m7 -std=gnu++20 -g3 -DDEBUG -DUSE_HAL_DRIVER -DSTM32F732xx -c -I../Core/Inc -I../Drivers/STM32F7xx_HAL_Driver/Inc -I../Drivers/STM32F7xx_HAL_Driver/Inc/Legacy -I../Drivers/CMSIS/Device/ST/STM32F7xx/Include -I../Drivers/CMSIS/Include -I"D:/GitLocal/STM32CubeIDE/PFLIGHT_26/Core/StateManager" -I"D:/GitLocal/STM32CubeIDE/PFLIGHT_26/Core/Lib" -I"D:/GitLocal/STM32CubeIDE/PFLIGHT_26/Core/Lib/STM32_BMM350/BMM350_SensorAPI" -I"D:/GitLocal/STM32CubeIDE/PFLIGHT_26/Core/Lib/STM32_BMM350/BMM350_SensorAPI/examples/common" -I"D:/GitLocal/STM32CubeIDE/PFLIGHT_26/Core/Lib/SBUS" -I"D:/GitLocal/STM32CubeIDE/PFLIGHT_26/Core/Lib/SBUS/ringBuffer" -I"D:/GitLocal/STM32CubeIDE/PFLIGHT_26/Core/Lib/STM32_Motor-Servo_Driver" -I"D:/GitLocal/STM32CubeIDE/PFLIGHT_26/Core/Lib/Altitude_estimation" -I"D:/GitLocal/STM32CubeIDE/PFLIGHT_26/Core/Lib/Altitude_estimation/KalmanFilter" -I"D:/GitLocal/STM32CubeIDE/PFLIGHT_26/Core" -I"D:/GitLocal/STM32CubeIDE/PFLIGHT_26/Core/Utility/ManeuverSequencer" -O0 -ffunction-sections -fdata-sections -fno-exceptions -fno-rtti -fno-use-cxa-atexit -Wall -fstack-usage -fcyclomatic-complexity -MMD -MP -MF"Core/StateManager/StateBase/manual_flight_state_base.d" -MT"Core/StateManager/StateBase/manual_flight_state_base.o" --specs=nano.specs -mfpu=fpv5-sp-d16 -mfloat-abi=hard -mthumb -o "Core/StateManager/StateBase/manual_flight_state_base.o"
arm-none-eabi-g++ "../Core/StateManager/StateBase/post_flight_state_base.cpp" -mcpu=cortex-m7 -std=gnu++20 -g3 -DDEBUG -DUSE_HAL_DRIVER -DSTM32F732xx -c -I../Core/Inc -I../Drivers/STM32F7xx_HAL_Driver/Inc -I../Drivers/STM32F7xx_HAL_Driver/Inc/Legacy -I../Drivers/CMSIS/Device/ST/STM32F7xx/Include -I../Drivers/CMSIS/Include -I"D:/GitLocal/STM32CubeIDE/PFLIGHT_26/Core/StateManager" -I"D:/GitLocal/STM32CubeIDE/PFLIGHT_26/Core/Lib" -I"D:/GitLocal/STM32CubeIDE/PFLIGHT_26/Core/Lib/STM32_BMM350/BMM350_SensorAPI" -I"D:/GitLocal/STM32CubeIDE/PFLIGHT_26/Core/Lib/STM32_BMM350/BMM350_SensorAPI/examples/common" -I"D:/GitLocal/STM32CubeIDE/PFLIGHT_26/Core/Lib/SBUS" -I"D:/GitLocal/STM32CubeIDE/PFLIGHT_26/Core/Lib/SBUS/ringBuffer" -I"D:/GitLocal/STM32CubeIDE/PFLIGHT_26/Core/Lib/STM32_Motor-Servo_Driver" -I"D:/GitLocal/STM32CubeIDE/PFLIGHT_26/Core/Lib/Altitude_estimation" -I"D:/GitLocal/STM32CubeIDE/PFLIGHT_26/Core/Lib/Altitude_estimation/KalmanFilter" -I"D:/GitLocal/STM32CubeIDE/PFLIGHT_26/Core" -I"D:/GitLocal/STM32CubeIDE/PFLIGHT_26/Core/Utility/ManeuverSequencer" -O0 -ffunction-sections -fdata-sections -fno-exceptions -fno-rtti -fno-use-cxa-atexit -Wall -fstack-usage -fcyclomatic-complexity -MMD -MP -MF"Core/StateManager/StateBase/post_flight_state_base.d" -MT"Core/StateManager/StateBase/post_flight_state_base.o" --specs=nano.specs -mfpu=fpv5-sp-d16 -mfloat-abi=hard -mthumb -o "Core/StateManager/StateBase/post_flight_state_base.o"
arm-none-eabi-g++ "../Core/StateManager/StateBase/pre_flight_state_base.cpp" -mcpu=cortex-m7 -std=gnu++20 -g3 -DDEBUG -DUSE_HAL_DRIVER -DSTM32F732xx -c -I../Core/Inc -I../Drivers/STM32F7xx_HAL_Driver/Inc -I../Drivers/STM32F7xx_HAL_Driver/Inc/Legacy -I../Drivers/CMSIS/Device/ST/STM32F7xx/Include -I../Drivers/CMSIS/Include -I"D:/GitLocal/STM32CubeIDE/PFLIGHT_26/Core/StateManager" -I"D:/GitLocal/STM32CubeIDE/PFLIGHT_26/Core/Lib" -I"D:/GitLocal/STM32CubeIDE/PFLIGHT_26/Core/Lib/STM32_BMM350/BMM350_SensorAPI" -I"D:/GitLocal/STM32CubeIDE/PFLIGHT_26/Core/Lib/STM32_BMM350/BMM350_SensorAPI/examples/common" -I"D:/GitLocal/STM32CubeIDE/PFLIGHT_26/Core/Lib/SBUS" -I"D:/GitLocal/STM32CubeIDE/PFLIGHT_26/Core/Lib/SBUS/ringBuffer" -I"D:/GitLocal/STM32CubeIDE/PFLIGHT_26/Core/Lib/STM32_Motor-Servo_Driver" -I"D:/GitLocal/STM32CubeIDE/PFLIGHT_26/Core/Lib/Altitude_estimation" -I"D:/GitLocal/STM32CubeIDE/PFLIGHT_26/Core/Lib/Altitude_estimation/KalmanFilter" -I"D:/GitLocal/STM32CubeIDE/PFLIGHT_26/Core" -I"D:/GitLocal/STM32CubeIDE/PFLIGHT_26/Core/Utility/ManeuverSequencer" -O0 -ffunction-sections -fdata-sections -fno-exceptions -fno-rtti -fno-use-cxa-atexit -Wall -fstack-usage -fcyclomatic-complexity -MMD -MP -MF"Core/StateManager/StateBase/pre_flight_state_base.d" -MT"Core/StateManager/StateBase/pre_flight_state_base.o" --specs=nano.specs -mfpu=fpv5-sp-d16 -mfloat-abi=hard -mthumb -o "Core/StateManager/StateBase/pre_flight_state_base.o"
arm-none-eabi-gcc -mcpu=cortex-m7 -g3 -DDEBUG -c -I"D:/GitLocal/STM32CubeIDE/PFLIGHT_26/Core/StateManager" -I"D:/GitLocal/STM32CubeIDE/PFLIGHT_26/Core/Lib" -I"D:/GitLocal/STM32CubeIDE/PFLIGHT_26/Core/Lib/STM32_BMM350/BMM350_SensorAPI" -I"D:/GitLocal/STM32CubeIDE/PFLIGHT_26/Core/Lib/SBUS" -I"D:/GitLocal/STM32CubeIDE/PFLIGHT_26/Core/Lib/SBUS/ringBuffer" -I"D:/GitLocal/STM32CubeIDE/PFLIGHT_26/Core/Lib/STM32_Motor-Servo_Driver" -I"D:/GitLocal/STM32CubeIDE/PFLIGHT_26/Core/Lib/Altitude_estimation" -I"D:/GitLocal/STM32CubeIDE/PFLIGHT_26/Core/Lib/Altitude_estimation/KalmanFilter" -I"D:/GitLocal/STM32CubeIDE/PFLIGHT_26/Core" -I"D:/GitLocal/STM32CubeIDE/PFLIGHT_26/Core/Utility/ManeuverSequencer" -x assembler-with-cpp -MMD -MP -MF"Core/Startup/startup_stm32f732retx.d" -MT"Core/Startup/startup_stm32f732retx.o" --specs=nano.specs -mfpu=fpv5-sp-d16 -mfloat-abi=hard -mthumb -o "Core/Startup/startup_stm32f732retx.o" "../Core/Startup/startup_stm32f732retx.s"
arm-none-eabi-gcc "../Core/Src/dma.c" -mcpu=cortex-m7 -std=gnu18 -g3 -DDEBUG -DUSE_HAL_DRIVER -DSTM32F732xx -c -I../Core/Inc -I../Drivers/STM32F7xx_HAL_Driver/Inc -I../Drivers/STM32F7xx_HAL_Driver/Inc/Legacy -I../Drivers/CMSIS/Device/ST/STM32F7xx/Include -I../Drivers/CMSIS/Include -I"D:/GitLocal/STM32CubeIDE/PFLIGHT_26/Core/StateManager" -I"D:/GitLocal/STM32CubeIDE/PFLIGHT_26/Core/Lib" -I"D:/GitLocal/STM32CubeIDE/PFLIGHT_26/Core/Lib/STM32_BMM350/BMM350_SensorAPI" -I"D:/GitLocal/STM32CubeIDE/PFLIGHT_26/Core/Lib/STM32_BMM350/BMM350_SensorAPI/examples/common" -I"D:/GitLocal/STM32CubeIDE/PFLIGHT_26/Core/Lib/SBUS" -I"D:/GitLocal/STM32CubeIDE/PFLIGHT_26/Core/Lib/SBUS/ringBuffer" -I"D:/GitLocal/STM32CubeIDE/PFLIGHT_26/Core/Lib/STM32_Motor-Servo_Driver" -I"D:/GitLocal/STM32CubeIDE/PFLIGHT_26/Core/Lib/Altitude_estimation" -I"D:/GitLocal/STM32CubeIDE/PFLIGHT_26/Core/Lib/Altitude_estimation/KalmanFilter" -I"D:/GitLocal/STM32CubeIDE/PFLIGHT_26/Core" -I"D:/GitLocal/STM32CubeIDE/PFLIGHT_26/Core/Utility/ManeuverSequencer" -O0 -ffunction-sections -fdata-sections -Wall -fstack-usage -fcyclomatic-complexity -MMD -MP -MF"Core/Src/dma.d" -MT"Core/Src/dma.o" --specs=nano.specs -mfpu=fpv5-sp-d16 -mfloat-abi=hard -mthumb -o "Core/Src/dma.o"
arm-none-eabi-gcc "../Core/Src/gpio.c" -mcpu=cortex-m7 -std=gnu18 -g3 -DDEBUG -DUSE_HAL_DRIVER -DSTM32F732xx -c -I../Core/Inc -I../Drivers/STM32F7xx_HAL_Driver/Inc -I../Drivers/STM32F7xx_HAL_Driver/Inc/Legacy -I../Drivers/CMSIS/Device/ST/STM32F7xx/Include -I../Drivers/CMSIS/Include -I"D:/GitLocal/STM32CubeIDE/PFLIGHT_26/Core/StateManager" -I"D:/GitLocal/STM32CubeIDE/PFLIGHT_26/Core/Lib" -I"D:/GitLocal/STM32CubeIDE/PFLIGHT_26/Core/Lib/STM32_BMM350/BMM350_SensorAPI" -I"D:/GitLocal/STM32CubeIDE/PFLIGHT_26/Core/Lib/STM32_BMM350/BMM350_SensorAPI/examples/common" -I"D:/GitLocal/STM32CubeIDE/PFLIGHT_26/Core/Lib/SBUS" -I"D:/GitLocal/STM32CubeIDE/PFLIGHT_26/Core/Lib/SBUS/ringBuffer" -I"D:/GitLocal/STM32CubeIDE/PFLIGHT_26/Core/Lib/STM32_Motor-Servo_Driver" -I"D:/GitLocal/STM32CubeIDE/PFLIGHT_26/Core/Lib/Altitude_estimation" -I"D:/GitLocal/STM32CubeIDE/PFLIGHT_26/Core/Lib/Altitude_estimation/KalmanFilter" -I"D:/GitLocal/STM32CubeIDE/PFLIGHT_26/Core" -I"D:/GitLocal/STM32CubeIDE/PFLIGHT_26/Core/Utility/ManeuverSequencer" -O0 -ffunction-sections -fdata-sections -Wall -fstack-usage -fcyclomatic-complexity -MMD -MP -MF"Core/Src/gpio.d" -MT"Core/Src/gpio.o" --specs=nano.specs -mfpu=fpv5-sp-d16 -mfloat-abi=hard -mthumb -o "Core/Src/gpio.o"
../Core/Utility/Sensors/SensorManager.cpp: In member function 'bool SensorManager::getAccelData(Vector3f*)':
../Core/Utility/Sensors/SensorManager.cpp:106:12: error: 'struct Vector3f' has no member named 'setX'
  106 |     accel->setX(imu_accel_buffer[0]);
      |            ^~~~
../Core/Utility/Sensors/SensorManager.cpp:107:12: error: 'struct Vector3f' has no member named 'setY'
  107 |     accel->setY(imu_accel_buffer[1]);
      |            ^~~~
../Core/Utility/Sensors/SensorManager.cpp:108:12: error: 'struct Vector3f' has no member named 'setZ'
  108 |     accel->setZ(imu_accel_buffer[2]);
      |            ^~~~
../Core/Utility/Sensors/SensorManager.cpp: In member function 'bool SensorManager::getGyroData(Vector3f*)':
../Core/Utility/Sensors/SensorManager.cpp:121:11: error: 'struct Vector3f' has no member named 'setX'
  121 |     gyro->setX(imu_gyro_buffer[0]);
      |           ^~~~
../Core/Utility/Sensors/SensorManager.cpp:122:11: error: 'struct Vector3f' has no member named 'setY'
  122 |     gyro->setY(imu_gyro_buffer[1]);
      |           ^~~~
../Core/Utility/Sensors/SensorManager.cpp:123:11: error: 'struct Vector3f' has no member named 'setZ'
  123 |     gyro->setZ(imu_gyro_buffer[2]);
      |           ^~~~
../Core/Utility/Sensors/SensorManager.cpp: In member function 'bool SensorManager::getMagData(Vector3f*)':
../Core/Utility/Sensors/SensorManager.cpp:135:10: error: 'struct Vector3f' has no member named 'setX'
  135 |     mag->setX(mag_buffer[0]);
      |          ^~~~
../Core/Utility/Sensors/SensorManager.cpp:136:10: error: 'struct Vector3f' has no member named 'setY'
  136 |     mag->setY(mag_buffer[1]);
      |          ^~~~
../Core/Utility/Sensors/SensorManager.cpp:137:10: error: 'struct Vector3f' has no member named 'setZ'
  137 |     mag->setZ(mag_buffer[2]);
      |          ^~~~
../Core/Utility/Sensors/SensorManager.cpp:140:10: error: 'struct Vector3f' has no member named 'setX'
  140 |     mag->setX((mag->getX() - mag_offset[0]) * mag_scale[0]);
      |          ^~~~
../Core/Utility/Sensors/SensorManager.cpp:140:21: error: 'struct Vector3f' has no member named 'getX'
  140 |     mag->setX((mag->getX() - mag_offset[0]) * mag_scale[0]);
      |                     ^~~~
../Core/Utility/Sensors/SensorManager.cpp:141:10: error: 'struct Vector3f' has no member named 'setY'
  141 |     mag->setY((mag->getY() - mag_offset[1]) * mag_scale[1]);
      |          ^~~~
../Core/Utility/Sensors/SensorManager.cpp:141:21: error: 'struct Vector3f' has no member named 'getY'
  141 |     mag->setY((mag->getY() - mag_offset[1]) * mag_scale[1]);
      |                     ^~~~
../Core/Utility/Sensors/SensorManager.cpp:142:10: error: 'struct Vector3f' has no member named 'setZ'
  142 |     mag->setZ((mag->getZ() - mag_offset[2]) * mag_scale[2]);
      |          ^~~~
../Core/Utility/Sensors/SensorManager.cpp:142:21: error: 'struct Vector3f' has no member named 'getZ'
  142 |     mag->setZ((mag->getZ() - mag_offset[2]) * mag_scale[2]);
      |                     ^~~~
make: *** [Core/Utility/Sensors/subdir.mk:19: Core/Utility/Sensors/SensorManager.o] Error 1
make: *** Waiting for unfinished jobs....
../Core/StateManager/States/PreFlightStateBase/sensor_test_state.cpp: In member function 'virtual ProcessStatus SensorTestState::onUpdate(StateContext&)':
../Core/StateManager/States/PreFlightStateBase/sensor_test_state.cpp:36:19: error: 'struct Vector3f' has no member named 'setX'
   36 |         angle_vec.setX(context.attitude_state.angle.roll());
      |                   ^~~~
../Core/StateManager/States/PreFlightStateBase/sensor_test_state.cpp:37:19: error: 'struct Vector3f' has no member named 'setY'
   37 |         angle_vec.setY(context.attitude_state.angle.pitch());
      |                   ^~~~
../Core/StateManager/States/PreFlightStateBase/sensor_test_state.cpp:38:19: error: 'struct Vector3f' has no member named 'setZ'
   38 |         angle_vec.setZ(context.attitude_state.angle.yaw());
      |                   ^~~~
make: *** [Core/StateManager/States/PreFlightStateBase/subdir.mk:28: Core/StateManager/States/PreFlightStateBase/sensor_test_state.o] Error 1
../Core/StateManager/StateBase/manual_flight_state_base.cpp: In member function 'virtual StateResult ManualFlightStateBase::update(StateContext&)':
../Core/StateManager/StateBase/manual_flight_state_base.cpp:42:15: error: 'struct Vector3f' has no member named 'setX'
   42 |     angle_vec.setX(context.attitude_state.angle.roll());
      |               ^~~~
../Core/StateManager/StateBase/manual_flight_state_base.cpp:43:15: error: 'struct Vector3f' has no member named 'setY'
   43 |     angle_vec.setY(context.attitude_state.angle.pitch());
      |               ^~~~
../Core/StateManager/StateBase/manual_flight_state_base.cpp:44:15: error: 'struct Vector3f' has no member named 'setZ'
   44 |     angle_vec.setZ(context.attitude_state.angle.yaw());
      |               ^~~~
make: *** [Core/StateManager/StateBase/subdir.mk:31: Core/StateManager/StateBase/manual_flight_state_base.o] Error 1
